Component: Arm Compiler for Embedded 6.23 Tool: armlink [5f102400]

==============================================================================

Section Cross References

    startup_stm32h750xx.o(STACK) refers (Special) to heapauxi.o(.text) for __use_two_region_memory
    startup_stm32h750xx.o(HEAP) refers (Special) to heapauxi.o(.text) for __use_two_region_memory
    startup_stm32h750xx.o(RESET) refers (Special) to heapauxi.o(.text) for __use_two_region_memory
    startup_stm32h750xx.o(RESET) refers to startup_stm32h750xx.o(STACK) for __initial_sp
    startup_stm32h750xx.o(RESET) refers to startup_stm32h750xx.o(.text) for Reset_Handler
    startup_stm32h750xx.o(RESET) refers to stm32h7xx_it.o(.text.NMI_Handler) for NMI_Handler
    startup_stm32h750xx.o(RESET) refers to stm32h7xx_it.o(.text.HardFault_Handler) for HardFault_Handler
    startup_stm32h750xx.o(RESET) refers to stm32h7xx_it.o(.text.MemManage_Handler) for MemManage_Handler
    startup_stm32h750xx.o(RESET) refers to stm32h7xx_it.o(.text.BusFault_Handler) for BusFault_Handler
    startup_stm32h750xx.o(RESET) refers to stm32h7xx_it.o(.text.UsageFault_Handler) for UsageFault_Handler
    startup_stm32h750xx.o(RESET) refers to stm32h7xx_it.o(.text.SVC_Handler) for SVC_Handler
    startup_stm32h750xx.o(RESET) refers to stm32h7xx_it.o(.text.DebugMon_Handler) for DebugMon_Handler
    startup_stm32h750xx.o(RESET) refers to stm32h7xx_it.o(.text.PendSV_Handler) for PendSV_Handler
    startup_stm32h750xx.o(RESET) refers to stm32h7xx_it.o(.text.SysTick_Handler) for SysTick_Handler
    startup_stm32h750xx.o(.text) refers (Special) to heapauxi.o(.text) for __use_two_region_memory
    startup_stm32h750xx.o(.text) refers to system_stm32h7xx.o(.text.ExitRun0Mode) for ExitRun0Mode
    startup_stm32h750xx.o(.text) refers to system_stm32h7xx.o(.text.SystemInit) for SystemInit
    startup_stm32h750xx.o(.text) refers to __main.o(!!!main) for __main
    startup_stm32h750xx.o(.text) refers to startup_stm32h750xx.o(HEAP) for Heap_Mem
    startup_stm32h750xx.o(.text) refers to startup_stm32h750xx.o(STACK) for Stack_Mem
    mecanum_kinematics.o(.text.Kinematics_Init) refers to mecanum_kinematics.o(.bss..L_MergedGlobals) for .L_MergedGlobals
    mecanum_kinematics.o(.ARM.exidx.text.Kinematics_Init) refers to mecanum_kinematics.o(.text.Kinematics_Init) for [Anonymous Symbol]
    mecanum_kinematics.o(.text.Kinematics_Inverse) refers to mecanum_kinematics.o(.bss..L_MergedGlobals) for .L_MergedGlobals
    mecanum_kinematics.o(.ARM.exidx.text.Kinematics_Inverse) refers to mecanum_kinematics.o(.text.Kinematics_Inverse) for [Anonymous Symbol]
    mecanum_kinematics.o(.text.Kinematics_Forward) refers to mecanum_kinematics.o(.bss..L_MergedGlobals) for .L_MergedGlobals
    mecanum_kinematics.o(.text.Kinematics_Forward) refers to cos.o(i.__hardfp_cos) for __hardfp_cos
    mecanum_kinematics.o(.text.Kinematics_Forward) refers to sin.o(i.__hardfp_sin) for __hardfp_sin
    mecanum_kinematics.o(.ARM.exidx.text.Kinematics_Forward) refers to mecanum_kinematics.o(.text.Kinematics_Forward) for [Anonymous Symbol]
    mecanum_motor.o(.text.Motor_Init) refers to tim.o(.bss.htim2) for htim2
    mecanum_motor.o(.text.Motor_Init) refers to stm32h7xx_hal_tim.o(.text.HAL_TIM_PWM_Start) for HAL_TIM_PWM_Start
    mecanum_motor.o(.text.Motor_Init) refers to stm32h7xx_hal_gpio.o(.text.HAL_GPIO_WritePin) for HAL_GPIO_WritePin
    mecanum_motor.o(.ARM.exidx.text.Motor_Init) refers to mecanum_motor.o(.text.Motor_Init) for [Anonymous Symbol]
    mecanum_motor.o(.text.Motor_SetAllStop) refers to stm32h7xx_hal_gpio.o(.text.HAL_GPIO_WritePin) for HAL_GPIO_WritePin
    mecanum_motor.o(.text.Motor_SetAllStop) refers to tim.o(.bss.htim2) for htim2
    mecanum_motor.o(.ARM.exidx.text.Motor_SetAllStop) refers to mecanum_motor.o(.text.Motor_SetAllStop) for [Anonymous Symbol]
    mecanum_motor.o(.text.Motor_A_SetSpeed) refers to stm32h7xx_hal_gpio.o(.text.HAL_GPIO_WritePin) for HAL_GPIO_WritePin
    mecanum_motor.o(.text.Motor_A_SetSpeed) refers to tim.o(.bss.htim2) for htim2
    mecanum_motor.o(.ARM.exidx.text.Motor_A_SetSpeed) refers to mecanum_motor.o(.text.Motor_A_SetSpeed) for [Anonymous Symbol]
    mecanum_motor.o(.text.Motor_B_SetSpeed) refers to stm32h7xx_hal_gpio.o(.text.HAL_GPIO_WritePin) for HAL_GPIO_WritePin
    mecanum_motor.o(.text.Motor_B_SetSpeed) refers to tim.o(.bss.htim2) for htim2
    mecanum_motor.o(.ARM.exidx.text.Motor_B_SetSpeed) refers to mecanum_motor.o(.text.Motor_B_SetSpeed) for [Anonymous Symbol]
    mecanum_motor.o(.text.Motor_C_SetSpeed) refers to stm32h7xx_hal_gpio.o(.text.HAL_GPIO_WritePin) for HAL_GPIO_WritePin
    mecanum_motor.o(.text.Motor_C_SetSpeed) refers to tim.o(.bss.htim2) for htim2
    mecanum_motor.o(.ARM.exidx.text.Motor_C_SetSpeed) refers to mecanum_motor.o(.text.Motor_C_SetSpeed) for [Anonymous Symbol]
    mecanum_motor.o(.text.Motor_D_SetSpeed) refers to stm32h7xx_hal_gpio.o(.text.HAL_GPIO_WritePin) for HAL_GPIO_WritePin
[...]
    Removing stm32h7xx_hal_tim_ex.o(.text.HAL_TIMEx_TISelection), (80 bytes).
    Removing stm32h7xx_hal_tim_ex.o(.ARM.exidx.text.HAL_TIMEx_TISelection), (8 bytes).
    Removing stm32h7xx_hal_tim_ex.o(.text.HAL_TIMEx_GroupChannel5), (48 bytes).
    Removing stm32h7xx_hal_tim_ex.o(.ARM.exidx.text.HAL_TIMEx_GroupChannel5), (8 bytes).
    Removing stm32h7xx_hal_tim_ex.o(.text.HAL_TIMEx_CommutCallback), (2 bytes).
    Removing stm32h7xx_hal_tim_ex.o(.ARM.exidx.text.HAL_TIMEx_CommutCallback), (8 bytes).
    Removing stm32h7xx_hal_tim_ex.o(.text.HAL_TIMEx_CommutHalfCpltCallback), (2 bytes).
    Removing stm32h7xx_hal_tim_ex.o(.ARM.exidx.text.HAL_TIMEx_CommutHalfCpltCallback), (8 bytes).
    Removing stm32h7xx_hal_tim_ex.o(.text.HAL_TIMEx_BreakCallback), (2 bytes).
    Removing stm32h7xx_hal_tim_ex.o(.ARM.exidx.text.HAL_TIMEx_BreakCallback), (8 bytes).
    Removing stm32h7xx_hal_tim_ex.o(.text.HAL_TIMEx_Break2Callback), (2 bytes).
    Removing stm32h7xx_hal_tim_ex.o(.ARM.exidx.text.HAL_TIMEx_Break2Callback), (8 bytes).
    Removing stm32h7xx_hal_tim_ex.o(.text.HAL_TIMEx_HallSensor_GetState), (6 bytes).
    Removing stm32h7xx_hal_tim_ex.o(.ARM.exidx.text.HAL_TIMEx_HallSensor_GetState), (8 bytes).
    Removing stm32h7xx_hal_tim_ex.o(.text.HAL_TIMEx_GetChannelNState), (34 bytes).
    Removing stm32h7xx_hal_tim_ex.o(.ARM.exidx.text.HAL_TIMEx_GetChannelNState), (8 bytes).
    Removing system_stm32h7xx.o(.text), (0 bytes).
    Removing system_stm32h7xx.o(.ARM.exidx.text.SystemInit), (8 bytes).
    Removing system_stm32h7xx.o(.text.SystemCoreClockUpdate), (304 bytes).
    Removing system_stm32h7xx.o(.ARM.exidx.text.SystemCoreClockUpdate), (8 bytes).
    Removing system_stm32h7xx.o(.ARM.exidx.text.ExitRun0Mode), (8 bytes).

1040 unused section(s) (total 78794 bytes) removed from the image.

==============================================================================

Image Symbol Table

    Local Symbols

    Symbol Name                              Value     Ov Type        Size  Object(Section)

    ../clib/angel/boardlib.s                 0x00000000   Number         0  boardinit1.o ABSOLUTE
    ../clib/angel/boardlib.s                 0x00000000   Number         0  boardinit2.o ABSOLUTE
    ../clib/angel/boardlib.s                 0x00000000   Number         0  boardinit3.o ABSOLUTE
    ../clib/angel/boardlib.s                 0x00000000   Number         0  boardshut.o ABSOLUTE
    ../clib/angel/handlers.s                 0x00000000   Number         0  __scatter_copy.o ABSOLUTE
    ../clib/angel/handlers.s                 0x00000000   Number         0  __scatter_zi.o ABSOLUTE
    ../clib/angel/kernel.s                   0x00000000   Number         0  __rtentry.o ABSOLUTE
    ../clib/angel/kernel.s                   0x00000000   Number         0  __rtentry2.o ABSOLUTE
    ../clib/angel/kernel.s                   0x00000000   Number         0  __rtentry4.o ABSOLUTE
    ../clib/angel/kernel.s                   0x00000000   Number         0  rtexit.o ABSOLUTE
    ../clib/angel/kernel.s                   0x00000000   Number         0  rtexit2.o ABSOLUTE
    ../clib/angel/rt.s                       0x00000000   Number         0  rt_errno_addr.o ABSOLUTE
    ../clib/angel/rt.s                       0x00000000   Number         0  rt_errno_addr_intlibspace.o ABSOLUTE
    ../clib/angel/rt.s                       0x00000000   Number         0  rt_raise.o ABSOLUTE
    ../clib/angel/scatter.s                  0x00000000   Number         0  __scatter.o ABSOLUTE
    ../clib/angel/startup.s                  0x00000000   Number         0  __main.o ABSOLUTE
    ../clib/angel/sys.s                      0x00000000   Number         0  libspace.o ABSOLUTE
    ../clib/angel/sys.s                      0x00000000   Number         0  sys_stackheap_outer.o ABSOLUTE
    ../clib/angel/sys.s                      0x00000000   Number         0  use_no_semi.o ABSOLUTE
    ../clib/angel/sys.s                      0x00000000   Number         0  indicate_semi.o ABSOLUTE
    ../clib/angel/sysapp.c                   0x00000000   Number         0  sys_exit.o ABSOLUTE
    ../clib/angel/sysapp.c                   0x00000000   Number         0  sys_exit_hlt.o ABSOLUTE
    ../clib/angel/sysapp.c                   0x00000000   Number         0  sys_command.o ABSOLUTE
    ../clib/angel/sysapp.c                   0x00000000   Number         0  sys_command_hlt.o ABSOLUTE
    ../clib/angel/sysapp.c                   0x00000000   Number         0  sys_wrch.o ABSOLUTE
    ../clib/angel/sysapp.c                   0x00000000   Number         0  sys_wrch_hlt.o ABSOLUTE
    ../clib/armsys.c                         0x00000000   Number         0  argv_veneer.o ABSOLUTE
    ../clib/armsys.c                         0x00000000   Number         0  argv_veneer.o ABSOLUTE
    ../clib/armsys.c                         0x00000000   Number         0  _get_argv_nomalloc.o ABSOLUTE
    ../clib/armsys.c                         0x00000000   Number         0  no_argv.o ABSOLUTE
    ../clib/fenv.c                           0x00000000   Number         0  _rserrno.o ABSOLUTE
    ../clib/heapalloc.c                      0x00000000   Number         0  hrguard.o ABSOLUTE
    ../clib/heapaux.c                        0x00000000   Number         0  heapauxi.o ABSOLUTE
    ../clib/libinit.s                        0x00000000   Number         0  libinit.o ABSOLUTE
    ../clib/libinit.s                        0x00000000   Number         0  libinit2.o ABSOLUTE
    ../clib/libinit.s                        0x00000000   Number         0  libshutdown.o ABSOLUTE
    ../clib/libinit.s                        0x00000000   Number         0  libshutdown2.o ABSOLUTE
    ../clib/memcpset.s                       0x00000000   Number         0  rt_memclr_w.o ABSOLUTE
    ../clib/signal.c                         0x00000000   Number         0  defsig_rtmem_outer.o ABSOLUTE
    ../clib/signal.c                         0x00000000   Number         0  defsig_rtmem_formal.o ABSOLUTE
    ../clib/signal.c                         0x00000000   Number         0  defsig_exit.o ABSOLUTE
    ../clib/signal.c                         0x00000000   Number         0  defsig_rtmem_inner.o ABSOLUTE
    ../clib/signal.c                         0x00000000   Number         0  __raise.o ABSOLUTE
    ../clib/signal.c                         0x00000000   Number         0  defsig_general.o ABSOLUTE
    ../clib/signal.c                         0x00000000   Number         0  defsig_abrt_inner.o ABSOLUTE
    ../clib/signal.c                         0x00000000   Number         0  defsig_fpe_inner.o ABSOLUTE
    ../clib/signal.c                         0x00000000   Number         0  defsig_rtred_inner.o ABSOLUTE
    ../clib/signal.c                         0x00000000   Number         0  defsig_stak_inner.o ABSOLUTE
    ../clib/signal.c                         0x00000000   Number         0  defsig_pvfn_inner.o ABSOLUTE
    ../clib/signal.c                         0x00000000   Number         0  defsig_cppl_inner.o ABSOLUTE
    ../clib/signal.c                         0x00000000   Number         0  defsig_segv_inner.o ABSOLUTE
    ../clib/signal.c                         0x00000000   Number         0  defsig_other.o ABSOLUTE
    ../clib/signal.s                         0x00000000   Number         0  defsig.o ABSOLUTE
    ../clib/stdlib.c                         0x00000000   Number         0  exit.o ABSOLUTE
    ../fplib/fpinit.s                        0x00000000   Number         0  fpinit.o ABSOLUTE
    ../fplib/usenofp.s                       0x00000000   Number         0  usenofp.o ABSOLUTE
    ../mathlib/cos.c                         0x00000000   Number         0  cos.o ABSOLUTE
    ../mathlib/cos_i.c                       0x00000000   Number         0  cos_i.o ABSOLUTE
    ../mathlib/dunder.c                      0x00000000   Number         0  dunder.o ABSOLUTE
    ../mathlib/fabs.c                        0x00000000   Number         0  fabs.o ABSOLUTE
    ../mathlib/fpclassify.c                  0x00000000   Number         0  fpclassify.o ABSOLUTE
    ../mathlib/poly.c                        0x00000000   Number         0  poly.o ABSOLUTE
    ../mathlib/rred.c                        0x00000000   Number         0  rred.o ABSOLUTE
    ../mathlib/sin.c                         0x00000000   Number         0  sin.o ABSOLUTE
    ../mathlib/sin_i.c                       0x00000000   Number         0  sin_i.o ABSOLUTE
    dc.s                                     0x00000000   Number         0  dc.o ABSOLUTE
    gpio.c                                   0x00000000   Number         0  gpio.o ABSOLUTE
    main.c                                   0x00000000   Number         0  main.o ABSOLUTE
    mecanum_kinematics.c                     0x00000000   Number         0  mecanum_kinematics.o ABSOLUTE
    mecanum_motor.c                          0x00000000   Number         0  mecanum_motor.o ABSOLUTE
    mecanum_pid.c                            0x00000000   Number         0  mecanum_pid.o ABSOLUTE
    memorymap.c                              0x00000000   Number         0  memorymap.o ABSOLUTE
    startup_stm32h750xx.s                    0x00000000   Number         0  startup_stm32h750xx.o ABSOLUTE
    stm32h7xx_hal.c                          0x00000000   Number         0  stm32h7xx_hal.o ABSOLUTE
    stm32h7xx_hal_cortex.c                   0x00000000   Number         0  stm32h7xx_hal_cortex.o ABSOLUTE
    stm32h7xx_hal_dma.c                      0x00000000   Number         0  stm32h7xx_hal_dma.o ABSOLUTE
    stm32h7xx_hal_dma_ex.c                   0x00000000   Number         0  stm32h7xx_hal_dma_ex.o ABSOLUTE
    stm32h7xx_hal_exti.c                     0x00000000   Number         0  stm32h7xx_hal_exti.o ABSOLUTE
    stm32h7xx_hal_flash.c                    0x00000000   Number         0  stm32h7xx_hal_flash.o ABSOLUTE
    stm32h7xx_hal_flash_ex.c                 0x00000000   Number         0  stm32h7xx_hal_flash_ex.o ABSOLUTE
    stm32h7xx_hal_gpio.c                     0x00000000   Number         0  stm32h7xx_hal_gpio.o ABSOLUTE
    stm32h7xx_hal_hsem.c                     0x00000000   Number         0  stm32h7xx_hal_hsem.o ABSOLUTE
    stm32h7xx_hal_i2c.c                      0x00000000   Number         0  stm32h7xx_hal_i2c.o ABSOLUTE
    stm32h7xx_hal_i2c_ex.c                   0x00000000   Number         0  stm32h7xx_hal_i2c_ex.o ABSOLUTE
    stm32h7xx_hal_mdma.c                     0x00000000   Number         0  stm32h7xx_hal_mdma.o ABSOLUTE
    stm32h7xx_hal_msp.c                      0x00000000   Number         0  stm32h7xx_hal_msp.o ABSOLUTE
    stm32h7xx_hal_pwr.c                      0x00000000   Number         0  stm32h7xx_hal_pwr.o ABSOLUTE
    stm32h7xx_hal_pwr_ex.c                   0x00000000   Number         0  stm32h7xx_hal_pwr_ex.o ABSOLUTE
    stm32h7xx_hal_rcc.c                      0x00000000   Number         0  stm32h7xx_hal_rcc.o ABSOLUTE
    stm32h7xx_hal_rcc_ex.c                   0x00000000   Number         0  stm32h7xx_hal_rcc_ex.o ABSOLUTE
    stm32h7xx_hal_tim.c                      0x00000000   Number         0  stm32h7xx_hal_tim.o ABSOLUTE
    stm32h7xx_hal_tim_ex.c                   0x00000000   Number         0  stm32h7xx_hal_tim_ex.o ABSOLUTE
    stm32h7xx_it.c                           0x00000000   Number         0  stm32h7xx_it.o ABSOLUTE
    system_stm32h7xx.c                       0x00000000   Number         0  system_stm32h7xx.o ABSOLUTE
    tim.c                                    0x00000000   Number         0  tim.o ABSOLUTE
    RESET                                    0x08000000   Section      664  startup_stm32h750xx.o(RESET)
    !!!main                                  0x08000298   Section        8  __main.o(!!!main)
    !!!scatter                               0x080002a0   Section       92  __scatter.o(!!!scatter)
    !!handler_copy                           0x080002fc   Section       26  __scatter_copy.o(!!handler_copy)
    !!handler_null                           0x08000318   Section        2  __scatter.o(!!handler_null)
    !!handler_zi                             0x0800031c   Section       28  __scatter_zi.o(!!handler_zi)
    .ARM.Collect$$libinit$$00000000          0x08000338   Section        2  libinit.o(.ARM.Collect$$libinit$$00000000)
    .ARM.Collect$$libinit$$00000001          0x0800033a   Section        4  libinit2.o(.ARM.Collect$$libinit$$00000001)
    .ARM.Collect$$libinit$$00000004          0x0800033e   Section        0  libinit2.o(.ARM.Collect$$libinit$$00000004)
    .ARM.Collect$$libinit$$00000006          0x0800033e   Section        0  libinit2.o(.ARM.Collect$$libinit$$00000006)
    .ARM.Collect$$libinit$$0000000C          0x0800033e   Section        0  libinit2.o(.ARM.Collect$$libinit$$0000000C)
    .ARM.Collect$$libinit$$0000000E          0x0800033e   Section        0  libinit2.o(.ARM.Collect$$libinit$$0000000E)
    .ARM.Collect$$libinit$$00000010          0x0800033e   Section        0  libinit2.o(.ARM.Collect$$libinit$$00000010)
    .ARM.Collect$$libinit$$00000013          0x0800033e   Section        0  libinit2.o(.ARM.Collect$$libinit$$00000013)
    .ARM.Collect$$libinit$$00000015          0x0800033e   Section        0  libinit2.o(.ARM.Collect$$libinit$$00000015)
    .ARM.Collect$$libinit$$00000017          0x0800033e   Section        0  libinit2.o(.ARM.Collect$$libinit$$00000017)
    .ARM.Collect$$libinit$$00000019          0x0800033e   Section        0  libinit2.o(.ARM.Collect$$libinit$$00000019)
    .ARM.Collect$$libinit$$0000001B          0x0800033e   Section        0  libinit2.o(.ARM.Collect$$libinit$$0000001B)
    .ARM.Collect$$libinit$$0000001D          0x0800033e   Section        0  libinit2.o(.ARM.Collect$$libinit$$0000001D)
    .ARM.Collect$$libinit$$0000001F          0x0800033e   Section        0  libinit2.o(.ARM.Collect$$libinit$$0000001F)
    .ARM.Collect$$libinit$$00000021          0x0800033e   Section        0  libinit2.o(.ARM.Collect$$libinit$$00000021)
    .ARM.Collect$$libinit$$00000023          0x0800033e   Section        0  libinit2.o(.ARM.Collect$$libinit$$00000023)
    .ARM.Collect$$libinit$$00000025          0x0800033e   Section        0  libinit2.o(.ARM.Collect$$libinit$$00000025)
    .ARM.Collect$$libinit$$00000027          0x0800033e   Section        0  libinit2.o(.ARM.Collect$$libinit$$00000027)
    .ARM.Collect$$libinit$$0000002E          0x0800033e   Section        0  libinit2.o(.ARM.Collect$$libinit$$0000002E)
    .ARM.Collect$$libinit$$00000030          0x0800033e   Section        0  libinit2.o(.ARM.Collect$$libinit$$00000030)
    .ARM.Collect$$libinit$$00000032          0x0800033e   Section        0  libinit2.o(.ARM.Collect$$libinit$$00000032)
    .ARM.Collect$$libinit$$00000034          0x0800033e   Section        0  libinit2.o(.ARM.Collect$$libinit$$00000034)
    .ARM.Collect$$libinit$$00000035          0x0800033e   Section        2  libinit2.o(.ARM.Collect$$libinit$$00000035)
    .ARM.Collect$$libshutdown$$00000000      0x08000340   Section        2  libshutdown.o(.ARM.Collect$$libshutdown$$00000000)
    .ARM.Collect$$libshutdown$$00000002      0x08000342   Section        0  libshutdown2.o(.ARM.Collect$$libshutdown$$00000002)
    .ARM.Collect$$libshutdown$$00000004      0x08000342   Section        0  libshutdown2.o(.ARM.Collect$$libshutdown$$00000004)
    .ARM.Collect$$libshutdown$$00000007      0x08000342   Section        0  libshutdown2.o(.ARM.Collect$$libshutdown$$00000007)
    .ARM.Collect$$libshutdown$$0000000A      0x08000342   Section        0  libshutdown2.o(.ARM.Collect$$libshutdown$$0000000A)
    .ARM.Collect$$libshutdown$$0000000C      0x08000342   Section        0  libshutdown2.o(.ARM.Collect$$libshutdown$$0000000C)
    .ARM.Collect$$libshutdown$$0000000F      0x08000342   Section        0  libshutdown2.o(.ARM.Collect$$libshutdown$$0000000F)
    .ARM.Collect$$libshutdown$$00000010      0x08000342   Section        2  libshutdown2.o(.ARM.Collect$$libshutdown$$00000010)
    .ARM.Collect$$rtentry$$00000000          0x08000344   Section        0  __rtentry.o(.ARM.Collect$$rtentry$$00000000)
    .ARM.Collect$$rtentry$$00000002          0x08000344   Section        0  __rtentry2.o(.ARM.Collect$$rtentry$$00000002)
    .ARM.Collect$$rtentry$$00000004          0x08000344   Section        6  __rtentry4.o(.ARM.Collect$$rtentry$$00000004)
    .ARM.Collect$$rtentry$$00000009          0x0800034a   Section        0  __rtentry2.o(.ARM.Collect$$rtentry$$00000009)
    .ARM.Collect$$rtentry$$0000000A          0x0800034a   Section        4  __rtentry2.o(.ARM.Collect$$rtentry$$0000000A)
    .ARM.Collect$$rtentry$$0000000C          0x0800034e   Section        0  __rtentry2.o(.ARM.Collect$$rtentry$$0000000C)
    .ARM.Collect$$rtentry$$0000000D          0x0800034e   Section        8  __rtentry2.o(.ARM.Collect$$rtentry$$0000000D)
    .ARM.Collect$$rtexit$$00000000           0x08000356   Section        2  rtexit.o(.ARM.Collect$$rtexit$$00000000)
    .ARM.Collect$$rtexit$$00000002           0x08000358   Section        0  rtexit2.o(.ARM.Collect$$rtexit$$00000002)
    .ARM.Collect$$rtexit$$00000003           0x08000358   Section        4  rtexit2.o(.ARM.Collect$$rtexit$$00000003)
    .ARM.Collect$$rtexit$$00000004           0x0800035c   Section        6  rtexit2.o(.ARM.Collect$$rtexit$$00000004)
    $v0                                      0x08000364   Number         0  startup_stm32h750xx.o(.text)
    .text                                    0x08000364   Section       72  startup_stm32h750xx.o(.text)
    .text                                    0x080003ac   Section       78  rt_memclr_w.o(.text)
    .text                                    0x080003fa   Section        0  heapauxi.o(.text)
    .text                                    0x08000400   Section        0  _rserrno.o(.text)
    .text                                    0x08000418   Section        8  rt_errno_addr_intlibspace.o(.text)
    .text                                    0x08000420   Section        8  libspace.o(.text)
    .text                                    0x08000428   Section       74  sys_stackheap_outer.o(.text)
    .text                                    0x08000472   Section        0  exit.o(.text)
    .text                                    0x08000484   Section        0  sys_exit.o(.text)
    .text                                    0x08000490   Section        2  use_no_semi.o(.text)
    .text                                    0x08000492   Section        0  indicate_semi.o(.text)
    [Anonymous Symbol]                       0x08000498   Section        0  stm32h7xx_it.o(.text.BusFault_Handler)
    [Anonymous Symbol]                       0x080004a0   Section        0  stm32h7xx_it.o(.text.DebugMon_Handler)
    [Anonymous Symbol]                       0x080004a8   Section        0  main.o(.text.Error_Handler)
    [Anonymous Symbol]                       0x080004b8   Section        0  system_stm32h7xx.o(.text.ExitRun0Mode)
    [Anonymous Symbol]                       0x080004e8   Section        0  stm32h7xx_hal_gpio.o(.text.HAL_GPIO_Init)
    [Anonymous Symbol]                       0x08000690   Section        0  stm32h7xx_hal_gpio.o(.text.HAL_GPIO_TogglePin)
    [Anonymous Symbol]                       0x080006a0   Section        0  stm32h7xx_hal_gpio.o(.text.HAL_GPIO_WritePin)
    [Anonymous Symbol]                       0x080006b0   Section        0  stm32h7xx_hal.o(.text.HAL_GetREVID)
    [Anonymous Symbol]                       0x080006c0   Section        0  stm32h7xx_hal.o(.text.HAL_GetTick)
    [Anonymous Symbol]                       0x080006d0   Section        0  stm32h7xx_hal.o(.text.HAL_IncTick)
    [Anonymous Symbol]                       0x080006f0   Section        0  stm32h7xx_hal.o(.text.HAL_Init)
    [Anonymous Symbol]                       0x08000758   Section        0  stm32h7xx_hal.o(.text.HAL_InitTick)
    [Anonymous Symbol]                       0x080007a8   Section        0  stm32h7xx_hal_cortex.o(.text.HAL_MPU_ConfigRegion)
    [Anonymous Symbol]                       0x08000808   Section        0  stm32h7xx_hal_cortex.o(.text.HAL_MPU_Disable)
    [Anonymous Symbol]                       0x08000828   Section        0  stm32h7xx_hal_cortex.o(.text.HAL_MPU_Enable)
    [Anonymous Symbol]                       0x08000848   Section        0  stm32h7xx_hal_msp.o(.text.HAL_MspInit)
    [Anonymous Symbol]                       0x08000868   Section        0  stm32h7xx_hal_cortex.o(.text.HAL_NVIC_SetPriority)
    [Anonymous Symbol]                       0x080008c8   Section        0  stm32h7xx_hal_cortex.o(.text.HAL_NVIC_SetPriorityGrouping)
    [Anonymous Symbol]                       0x080008e8   Section        0  stm32h7xx_hal_pwr_ex.o(.text.HAL_PWREx_ConfigSupply)
    [Anonymous Symbol]                       0x08000938   Section        0  stm32h7xx_hal_rcc.o(.text.HAL_RCC_ClockConfig)
    [Anonymous Symbol]                       0x08000b90   Section        0  stm32h7xx_hal_rcc.o(.text.HAL_RCC_GetSysClockFreq)
    [Anonymous Symbol]                       0x08000cb0   Section        0  stm32h7xx_hal_rcc.o(.text.HAL_RCC_OscConfig)
    [Anonymous Symbol]                       0x08001220   Section        0  stm32h7xx_hal_cortex.o(.text.HAL_SYSTICK_Config)
    [Anonymous Symbol]                       0x08001250   Section        0  stm32h7xx_hal_tim_ex.o(.text.HAL_TIMEx_MasterConfigSynchronization)
    [Anonymous Symbol]                       0x08001320   Section        0  stm32h7xx_hal_tim.o(.text.HAL_TIM_Base_Init)
    [Anonymous Symbol]                       0x08001380   Section        0  tim.o(.text.HAL_TIM_Base_MspInit)
    [Anonymous Symbol]                       0x080013b0   Section        0  stm32h7xx_hal_tim.o(.text.HAL_TIM_ConfigClockSource)
    [Anonymous Symbol]                       0x080015b0   Section        0  stm32h7xx_hal_tim.o(.text.HAL_TIM_Encoder_Init)
    [Anonymous Symbol]                       0x08001668   Section        0  tim.o(.text.HAL_TIM_Encoder_MspInit)
    [Anonymous Symbol]                       0x080017a0   Section        0  stm32h7xx_hal_tim.o(.text.HAL_TIM_Encoder_Start)
    [Anonymous Symbol]                       0x08001860   Section        0  stm32h7xx_hal_tim.o(.text.HAL_TIM_PWM_ConfigChannel)
    [Anonymous Symbol]                       0x08001d18   Section        0  stm32h7xx_hal_tim.o(.text.HAL_TIM_PWM_Init)
    [Anonymous Symbol]                       0x08001d78   Section        0  stm32h7xx_hal_tim.o(.text.HAL_TIM_PWM_MspInit)
    [Anonymous Symbol]                       0x08001d80   Section        0  stm32h7xx_hal_tim.o(.text.HAL_TIM_PWM_Start)
    [Anonymous Symbol]                       0x08001ee0   Section        0  stm32h7xx_it.o(.text.HardFault_Handler)
    [Anonymous Symbol]                       0x08001ee8   Section        0  mecanum_kinematics.o(.text.Kinematics_Forward)
    [Anonymous Symbol]                       0x080021b0   Section        0  mecanum_kinematics.o(.text.Kinematics_Init)
    [Anonymous Symbol]                       0x080021e0   Section        0  mecanum_kinematics.o(.text.Kinematics_Inverse)
    [Anonymous Symbol]                       0x080022a0   Section        0  gpio.o(.text.MX_GPIO_Init)
    [Anonymous Symbol]                       0x080023c8   Section        0  tim.o(.text.MX_TIM2_Init)
    [Anonymous Symbol]                       0x08002540   Section        0  tim.o(.text.MX_TIM3_Init)
    [Anonymous Symbol]                       0x080025a8   Section        0  tim.o(.text.MX_TIM4_Init)
    [Anonymous Symbol]                       0x08002610   Section        0  tim.o(.text.MX_TIM5_Init)
    [Anonymous Symbol]                       0x08002678   Section        0  tim.o(.text.MX_TIM8_Init)
    [Anonymous Symbol]                       0x080026e8   Section        0  stm32h7xx_it.o(.text.MemManage_Handler)
    [Anonymous Symbol]                       0x080026f0   Section        0  mecanum_motor.o(.text.Motor_A_SetSpeed)
    [Anonymous Symbol]                       0x08002758   Section        0  mecanum_motor.o(.text.Motor_B_SetSpeed)
    [Anonymous Symbol]                       0x080027c0   Section        0  mecanum_motor.o(.text.Motor_C_SetSpeed)
    [Anonymous Symbol]                       0x08002828   Section        0  mecanum_motor.o(.text.Motor_D_SetSpeed)
    [Anonymous Symbol]                       0x08002890   Section        0  mecanum_motor.o(.text.Motor_Init)
    [Anonymous Symbol]                       0x08002940   Section        0  stm32h7xx_it.o(.text.NMI_Handler)
    [Anonymous Symbol]                       0x08002948   Section        0  mecanum_pid.o(.text.PID_MotorA)
    [Anonymous Symbol]                       0x080029d0   Section        0  mecanum_pid.o(.text.PID_MotorB)
    [Anonymous Symbol]                       0x08002a58   Section        0  mecanum_pid.o(.text.PID_MotorC)
    [Anonymous Symbol]                       0x08002ae0   Section        0  mecanum_pid.o(.text.PID_MotorD)
    [Anonymous Symbol]                       0x08002b68   Section        0  stm32h7xx_it.o(.text.PendSV_Handler)
    [Anonymous Symbol]                       0x08002b70   Section        0  stm32h7xx_it.o(.text.SVC_Handler)
    [Anonymous Symbol]                       0x08002b78   Section        0  stm32h7xx_it.o(.text.SysTick_Handler)
    [Anonymous Symbol]                       0x08002b80   Section        0  main.o(.text.SystemClock_Config)
    [Anonymous Symbol]                       0x08002c60   Section        0  system_stm32h7xx.o(.text.SystemInit)
    [Anonymous Symbol]                       0x08002d50   Section        0  stm32h7xx_hal_tim.o(.text.TIM_Base_SetConfig)
    [Anonymous Symbol]                       0x08002ea0   Section        0  stm32h7xx_it.o(.text.UsageFault_Handler)
    [Anonymous Symbol]                       0x08002ea8   Section        0  main.o(.text.main)
    i.__ARM_fpclassify                       0x080030d6   Section        0  fpclassify.o(i.__ARM_fpclassify)
    i.__hardfp_cos                           0x08003108   Section        0  cos.o(i.__hardfp_cos)
    i.__hardfp_sin                           0x080031b8   Section        0  sin.o(i.__hardfp_sin)
    i.__ieee754_rem_pio2                     0x08003268   Section        0  rred.o(i.__ieee754_rem_pio2)
    i.__kernel_cos                           0x08003570   Section        0  cos_i.o(i.__kernel_cos)
    i.__kernel_poly                          0x08003634   Section        0  poly.o(i.__kernel_poly)
    i.__kernel_sin                           0x080036a8   Section        0  sin_i.o(i.__kernel_sin)
    i.__mathlib_dbl_invalid                  0x08003748   Section        0  dunder.o(i.__mathlib_dbl_invalid)
    i.__mathlib_dbl_underflow                0x08003760   Section        0  dunder.o(i.__mathlib_dbl_underflow)
    i.fabs                                   0x08003778   Section        0  fabs.o(i.fabs)
    $v0                                      0x08003790   Number         0  fpinit.o(x$fpl$fpinit)
    x$fpl$fpinit                             0x08003790   Section       26  fpinit.o(x$fpl$fpinit)
    x$fpl$usenofp                            0x080037aa   Section        0  usenofp.o(x$fpl$usenofp)
    C                                        0x080037b0   Data          48  cos_i.o(.constdata)
    .constdata                               0x080037b0   Section       48  cos_i.o(.constdata)
    pio2s                                    0x080037e0   Data          48  rred.o(.constdata)
    .constdata                               0x080037e0   Section      204  rred.o(.constdata)
    twooverpi                                0x08003810   Data         156  rred.o(.constdata)
    S                                        0x080038b0   Data          40  sin_i.o(.constdata)
    .constdata                               0x080038b0   Section       40  sin_i.o(.constdata)
    .L_MergedGlobals                         0x24000000   Data           8  stm32h7xx_hal.o(.data..L_MergedGlobals)
    [Anonymous Symbol]                       0x24000000   Section        0  stm32h7xx_hal.o(.data..L_MergedGlobals)
    .L_MergedGlobals                         0x24000008   Data           8  system_stm32h7xx.o(.data..L_MergedGlobals)
    [Anonymous Symbol]                       0x24000008   Section        0  system_stm32h7xx.o(.data..L_MergedGlobals)
    .bss                                     0x24000010   Section       96  libspace.o(.bss)
    .L_MergedGlobals                         0x24000070   Data          40  mecanum_kinematics.o(.bss..L_MergedGlobals)
    s_ticks_per_meter                        0x24000070   Data           4  mecanum_kinematics.o(.bss..L_MergedGlobals)
    [Anonymous Symbol]                       0x24000070   Section        0  mecanum_kinematics.o(.bss..L_MergedGlobals)
    s_wheel_track_cali                       0x24000074   Data           4  mecanum_kinematics.o(.bss..L_MergedGlobals)
    s_current_count                          0x24000078   Data          16  mecanum_kinematics.o(.bss..L_MergedGlobals)
    s_wheel_mult                             0x24000088   Data          16  mecanum_kinematics.o(.bss..L_MergedGlobals)
    .L_MergedGlobals                         0x24000098   Data          48  mecanum_pid.o(.bss..L_MergedGlobals)
    pid_a.0                                  0x24000098   Data           4  mecanum_pid.o(.bss..L_MergedGlobals)
    [Anonymous Symbol]                       0x24000098   Section        0  mecanum_pid.o(.bss..L_MergedGlobals)
    pid_a.1                                  0x2400009c   Data           4  mecanum_pid.o(.bss..L_MergedGlobals)
    pid_a.2                                  0x240000a0   Data           4  mecanum_pid.o(.bss..L_MergedGlobals)
    pid_b.0                                  0x240000a4   Data           4  mecanum_pid.o(.bss..L_MergedGlobals)
    pid_b.1                                  0x240000a8   Data           4  mecanum_pid.o(.bss..L_MergedGlobals)
    pid_b.2                                  0x240000ac   Data           4  mecanum_pid.o(.bss..L_MergedGlobals)
    pid_c.0                                  0x240000b0   Data           4  mecanum_pid.o(.bss..L_MergedGlobals)
    pid_c.1                                  0x240000b4   Data           4  mecanum_pid.o(.bss..L_MergedGlobals)
    pid_c.2                                  0x240000b8   Data           4  mecanum_pid.o(.bss..L_MergedGlobals)
    pid_d.0                                  0x240000bc   Data           4  mecanum_pid.o(.bss..L_MergedGlobals)
    pid_d.1                                  0x240000c0   Data           4  mecanum_pid.o(.bss..L_MergedGlobals)
    pid_d.2                                  0x240000c4   Data           4  mecanum_pid.o(.bss..L_MergedGlobals)
    .L_MergedGlobals                         0x240000c8   Data          42  main.o(.bss..L_MergedGlobals)
    g_encoder_delta.0                        0x240000c8   Data           2  main.o(.bss..L_MergedGlobals)
    [Anonymous Symbol]                       0x240000c8   Section        0  main.o(.bss..L_MergedGlobals)
    g_encoder_delta.1                        0x240000ca   Data           2  main.o(.bss..L_MergedGlobals)
    g_encoder_delta.2                        0x240000cc   Data           2  main.o(.bss..L_MergedGlobals)
    g_encoder_delta.3                        0x240000ce   Data           2  main.o(.bss..L_MergedGlobals)
    g_encoder_acc                            0x240000d6   Data           8  main.o(.bss..L_MergedGlobals)
    g_encoder_target                         0x240000de   Data           8  main.o(.bss..L_MergedGlobals)
    g_odom                                   0x240000e6   Data          12  main.o(.bss..L_MergedGlobals)
    Heap_Mem                                 0x24000278   Data         512  startup_stm32h750xx.o(HEAP)
    HEAP                                     0x24000278   Section      512  startup_stm32h750xx.o(HEAP)
    Stack_Mem                                0x24000478   Data        1024  startup_stm32h750xx.o(STACK)
    STACK                                    0x24000478   Section     1024  startup_stm32h750xx.o(STACK)
    __initial_sp                             0x24000878   Data           0  startup_stm32h750xx.o(STACK)

    Global Symbols

    Symbol Name                              Value     Ov Type        Size  Object(Section)

    BuildAttributes$$THM_ISAv4$E$P$D$K$B$S$7EM$VFPv5_D16$PE$PLD8$A:L22UL41UL21$X:L11$S22US41US21$IEEE1$IW$~IW$USESV6$~STKCKD$USESV7$~SHL$OTIME$ROPI$IEEEX$EBA8$UX$STANDARDLIB$REQ8$PRES8$EABIv2 0x00000000   Number         0  anon$$obj.o ABSOLUTE
    __ARM_exceptions_init                     - Undefined Weak Reference
    __alloca_initialize                       - Undefined Weak Reference
    __arm_preinit_                            - Undefined Weak Reference
    __arm_relocate_pie_                       - Undefined Weak Reference
    __cpp_initialize__aeabi_                  - Undefined Weak Reference
    __cxa_finalize                            - Undefined Weak Reference
    __rt_locale                               - Undefined Weak Reference
    __sigvec_lookup                           - Undefined Weak Reference
    _atexit_init                              - Undefined Weak Reference
    _call_atexit_fns                          - Undefined Weak Reference
    _clock_init                               - Undefined Weak Reference
    _fp_trap_init                             - Undefined Weak Reference
    _fp_trap_shutdown                         - Undefined Weak Reference
    _get_lc_collate                           - Undefined Weak Reference
    _get_lc_ctype                             - Undefined Weak Reference
    _get_lc_monetary                          - Undefined Weak Reference
    _get_lc_numeric                           - Undefined Weak Reference
    _get_lc_time                              - Undefined Weak Reference
    _getenv_init                              - Undefined Weak Reference
    _handle_redirection                       - Undefined Weak Reference
    _init_alloc                               - Undefined Weak Reference
    _init_user_alloc                          - Undefined Weak Reference
    _initio                                   - Undefined Weak Reference
    _rand_init                                - Undefined Weak Reference
    _signal_finish                            - Undefined Weak Reference
    _signal_init                              - Undefined Weak Reference
    _terminate_alloc                          - Undefined Weak Reference
    _terminate_user_alloc                     - Undefined Weak Reference
    _terminateio                              - Undefined Weak Reference
    __Vectors_Size                           0x00000298   Number         0  startup_stm32h750xx.o ABSOLUTE
    __Vectors                                0x08000000   Data           4  startup_stm32h750xx.o(RESET)
    __Vectors_End                            0x08000298   Data           0  startup_stm32h750xx.o(RESET)
    __main                                   0x08000299   Thumb Code     8  __main.o(!!!main)
    __scatterload                            0x080002a1   Thumb Code     0  __scatter.o(!!!scatter)
    __scatterload_rt2                        0x080002a1   Thumb Code    84  __scatter.o(!!!scatter)
    __scatterload_rt2_thumb_only             0x080002a1   Thumb Code     0  __scatter.o(!!!scatter)
    __scatterload_loop                       0x080002ab   Thumb Code     0  __scatter.o(!!!scatter)
    __scatterload_copy                       0x080002fd   Thumb Code    26  __scatter_copy.o(!!handler_copy)
    __scatterload_null                       0x08000319   Thumb Code     2  __scatter.o(!!handler_null)
    __scatterload_zeroinit                   0x0800031d   Thumb Code    28  __scatter_zi.o(!!handler_zi)
    __rt_lib_init                            0x08000339   Thumb Code     0  libinit.o(.ARM.Collect$$libinit$$00000000)
    __rt_lib_init_fp_1                       0x0800033b   Thumb Code     0  libinit2.o(.ARM.Collect$$libinit$$00000001)
    __rt_lib_init_alloca_1                   0x0800033f   Thumb Code     0  libinit2.o(.ARM.Collect$$libinit$$00000030)
    __rt_lib_init_argv_1                     0x0800033f   Thumb Code     0  libinit2.o(.ARM.Collect$$libinit$$0000002E)
    __rt_lib_init_atexit_1                   0x0800033f   Thumb Code     0  libinit2.o(.ARM.Collect$$libinit$$0000001D)
    __rt_lib_init_clock_1                    0x0800033f   Thumb Code     0  libinit2.o(.ARM.Collect$$libinit$$00000023)
    __rt_lib_init_cpp_1                      0x0800033f   Thumb Code     0  libinit2.o(.ARM.Collect$$libinit$$00000034)
    __rt_lib_init_exceptions_1               0x0800033f   Thumb Code     0  libinit2.o(.ARM.Collect$$libinit$$00000032)
    __rt_lib_init_fp_trap_1                  0x0800033f   Thumb Code     0  libinit2.o(.ARM.Collect$$libinit$$00000021)
    __rt_lib_init_getenv_1                   0x0800033f   Thumb Code     0  libinit2.o(.ARM.Collect$$libinit$$00000025)
    __rt_lib_init_heap_1                     0x0800033f   Thumb Code     0  libinit2.o(.ARM.Collect$$libinit$$0000000C)
    __rt_lib_init_lc_collate_1               0x0800033f   Thumb Code     0  libinit2.o(.ARM.Collect$$libinit$$00000013)
    __rt_lib_init_lc_ctype_1                 0x0800033f   Thumb Code     0  libinit2.o(.ARM.Collect$$libinit$$00000015)
    __rt_lib_init_lc_monetary_1              0x0800033f   Thumb Code     0  libinit2.o(.ARM.Collect$$libinit$$00000017)
    __rt_lib_init_lc_numeric_1               0x0800033f   Thumb Code     0  libinit2.o(.ARM.Collect$$libinit$$00000019)
    __rt_lib_init_lc_time_1                  0x0800033f   Thumb Code     0  libinit2.o(.ARM.Collect$$libinit$$0000001B)
    __rt_lib_init_preinit_1                  0x0800033f   Thumb Code     0  libinit2.o(.ARM.Collect$$libinit$$00000006)
    __rt_lib_init_rand_1                     0x0800033f   Thumb Code     0  libinit2.o(.ARM.Collect$$libinit$$00000010)
    __rt_lib_init_relocate_pie_1             0x0800033f   Thumb Code     0  libinit2.o(.ARM.Collect$$libinit$$00000004)
    __rt_lib_init_return                     0x0800033f   Thumb Code     0  libinit2.o(.ARM.Collect$$libinit$$00000035)
    __rt_lib_init_signal_1                   0x0800033f   Thumb Code     0  libinit2.o(.ARM.Collect$$libinit$$0000001F)
    __rt_lib_init_stdio_1                    0x0800033f   Thumb Code     0  libinit2.o(.ARM.Collect$$libinit$$00000027)
    __rt_lib_init_user_alloc_1               0x0800033f   Thumb Code     0  libinit2.o(.ARM.Collect$$libinit$$0000000E)
    __rt_lib_shutdown                        0x08000341   Thumb Code     0  libshutdown.o(.ARM.Collect$$libshutdown$$00000000)
    __rt_lib_shutdown_cpp_1                  0x08000343   Thumb Code     0  libshutdown2.o(.ARM.Collect$$libshutdown$$00000002)
    __rt_lib_shutdown_fp_trap_1              0x08000343   Thumb Code     0  libshutdown2.o(.ARM.Collect$$libshutdown$$00000007)
    __rt_lib_shutdown_heap_1                 0x08000343   Thumb Code     0  libshutdown2.o(.ARM.Collect$$libshutdown$$0000000F)
    __rt_lib_shutdown_return                 0x08000343   Thumb Code     0  libshutdown2.o(.ARM.Collect$$libshutdown$$00000010)
    __rt_lib_shutdown_signal_1               0x08000343   Thumb Code     0  libshutdown2.o(.ARM.Collect$$libshutdown$$0000000A)
    __rt_lib_shutdown_stdio_1                0x08000343   Thumb Code     0  libshutdown2.o(.ARM.Collect$$libshutdown$$00000004)
    __rt_lib_shutdown_user_alloc_1           0x08000343   Thumb Code     0  libshutdown2.o(.ARM.Collect$$libshutdown$$0000000C)
    __rt_entry                               0x08000345   Thumb Code     0  __rtentry.o(.ARM.Collect$$rtentry$$00000000)
    __rt_entry_presh_1                       0x08000345   Thumb Code     0  __rtentry2.o(.ARM.Collect$$rtentry$$00000002)
    __rt_entry_sh                            0x08000345   Thumb Code     0  __rtentry4.o(.ARM.Collect$$rtentry$$00000004)
    __rt_entry_li                            0x0800034b   Thumb Code     0  __rtentry2.o(.ARM.Collect$$rtentry$$0000000A)
    __rt_entry_postsh_1                      0x0800034b   Thumb Code     0  __rtentry2.o(.ARM.Collect$$rtentry$$00000009)
    __rt_entry_main                          0x0800034f   Thumb Code     0  __rtentry2.o(.ARM.Collect$$rtentry$$0000000D)
    __rt_entry_postli_1                      0x0800034f   Thumb Code     0  __rtentry2.o(.ARM.Collect$$rtentry$$0000000C)
    __rt_exit                                0x08000357   Thumb Code     0  rtexit.o(.ARM.Collect$$rtexit$$00000000)
    __rt_exit_ls                             0x08000359   Thumb Code     0  rtexit2.o(.ARM.Collect$$rtexit$$00000003)
    __rt_exit_prels_1                        0x08000359   Thumb Code     0  rtexit2.o(.ARM.Collect$$rtexit$$00000002)
    __rt_exit_exit                           0x0800035d   Thumb Code     0  rtexit2.o(.ARM.Collect$$rtexit$$00000004)
    Reset_Handler                            0x08000365   Thumb Code    12  startup_stm32h750xx.o(.text)
    ADC3_IRQHandler                          0x08000383   Thumb Code     0  startup_stm32h750xx.o(.text)
    ADC_IRQHandler                           0x08000383   Thumb Code     0  startup_stm32h750xx.o(.text)
    BDMA_Channel0_IRQHandler                 0x08000383   Thumb Code     0  startup_stm32h750xx.o(.text)
    BDMA_Channel1_IRQHandler                 0x08000383   Thumb Code     0  startup_stm32h750xx.o(.text)
    BDMA_Channel2_IRQHandler                 0x08000383   Thumb Code     0  startup_stm32h750xx.o(.text)
    BDMA_Channel3_IRQHandler                 0x08000383   Thumb Code     0  startup_stm32h750xx.o(.text)
    BDMA_Channel4_IRQHandler                 0x08000383   Thumb Code     0  startup_stm32h750xx.o(.text)
    BDMA_Channel5_IRQHandler                 0x08000383   Thumb Code     0  startup_stm32h750xx.o(.text)
    BDMA_Channel6_IRQHandler                 0x08000383   Thumb Code     0  startup_stm32h750xx.o(.text)
    BDMA_Channel7_IRQHandler                 0x08000383   Thumb Code     0  startup_stm32h750xx.o(.text)
    CEC_IRQHandler                           0x08000383   Thumb Code     0  startup_stm32h750xx.o(.text)
    COMP1_IRQHandler                         0x08000383   Thumb Code     0  startup_stm32h750xx.o(.text)
    CRS_IRQHandler                           0x08000383   Thumb Code     0  startup_stm32h750xx.o(.text)
    CRYP_IRQHandler                          0x08000383   Thumb Code     0  startup_stm32h750xx.o(.text)
    DCMI_IRQHandler                          0x08000383   Thumb Code     0  startup_stm32h750xx.o(.text)
    DFSDM1_FLT0_IRQHandler                   0x08000383   Thumb Code     0  startup_stm32h750xx.o(.text)
    DFSDM1_FLT1_IRQHandler                   0x08000383   Thumb Code     0  startup_stm32h750xx.o(.text)
    DFSDM1_FLT2_IRQHandler                   0x08000383   Thumb Code     0  startup_stm32h750xx.o(.text)
    DFSDM1_FLT3_IRQHandler                   0x08000383   Thumb Code     0  startup_stm32h750xx.o(.text)
    DMA1_Stream0_IRQHandler                  0x08000383   Thumb Code     0  startup_stm32h750xx.o(.text)
    DMA1_Stream1_IRQHandler                  0x08000383   Thumb Code     0  startup_stm32h750xx.o(.text)
    DMA1_Stream2_IRQHandler                  0x08000383   Thumb Code     0  startup_stm32h750xx.o(.text)
    DMA1_Stream3_IRQHandler                  0x08000383   Thumb Code     0  startup_stm32h750xx.o(.text)
    DMA1_Stream4_IRQHandler                  0x08000383   Thumb Code     0  startup_stm32h750xx.o(.text)
    DMA1_Stream5_IRQHandler                  0x08000383   Thumb Code     0  startup_stm32h750xx.o(.text)
    DMA1_Stream6_IRQHandler                  0x08000383   Thumb Code     0  startup_stm32h750xx.o(.text)
    DMA1_Stream7_IRQHandler                  0x08000383   Thumb Code     0  startup_stm32h750xx.o(.text)
    DMA2D_IRQHandler                         0x08000383   Thumb Code     0  startup_stm32h750xx.o(.text)
    DMA2_Stream0_IRQHandler                  0x08000383   Thumb Code     0  startup_stm32h750xx.o(.text)
    DMA2_Stream1_IRQHandler                  0x08000383   Thumb Code     0  startup_stm32h750xx.o(.text)
    DMA2_Stream2_IRQHandler                  0x08000383   Thumb Code     0  startup_stm32h750xx.o(.text)
    DMA2_Stream3_IRQHandler                  0x08000383   Thumb Code     0  startup_stm32h750xx.o(.text)
    DMA2_Stream4_IRQHandler                  0x08000383   Thumb Code     0  startup_stm32h750xx.o(.text)
    DMA2_Stream5_IRQHandler                  0x08000383   Thumb Code     0  startup_stm32h750xx.o(.text)
    DMA2_Stream6_IRQHandler                  0x08000383   Thumb Code     0  startup_stm32h750xx.o(.text)
    DMA2_Stream7_IRQHandler                  0x08000383   Thumb Code     0  startup_stm32h750xx.o(.text)
    DMAMUX1_OVR_IRQHandler                   0x08000383   Thumb Code     0  startup_stm32h750xx.o(.text)
    DMAMUX2_OVR_IRQHandler                   0x08000383   Thumb Code     0  startup_stm32h750xx.o(.text)
    ECC_IRQHandler                           0x08000383   Thumb Code     0  startup_stm32h750xx.o(.text)
    ETH_IRQHandler                           0x08000383   Thumb Code     0  startup_stm32h750xx.o(.text)
    ETH_WKUP_IRQHandler                      0x08000383   Thumb Code     0  startup_stm32h750xx.o(.text)
    EXTI0_IRQHandler                         0x08000383   Thumb Code     0  startup_stm32h750xx.o(.text)
    EXTI15_10_IRQHandler                     0x08000383   Thumb Code     0  startup_stm32h750xx.o(.text)
    EXTI1_IRQHandler                         0x08000383   Thumb Code     0  startup_stm32h750xx.o(.text)
    EXTI2_IRQHandler                         0x08000383   Thumb Code     0  startup_stm32h750xx.o(.text)
    EXTI3_IRQHandler                         0x08000383   Thumb Code     0  startup_stm32h750xx.o(.text)
    EXTI4_IRQHandler                         0x08000383   Thumb Code     0  startup_stm32h750xx.o(.text)
    EXTI9_5_IRQHandler                       0x08000383   Thumb Code     0  startup_stm32h750xx.o(.text)
    FDCAN1_IT0_IRQHandler                    0x08000383   Thumb Code     0  startup_stm32h750xx.o(.text)
    FDCAN1_IT1_IRQHandler                    0x08000383   Thumb Code     0  startup_stm32h750xx.o(.text)
    FDCAN2_IT0_IRQHandler                    0x08000383   Thumb Code     0  startup_stm32h750xx.o(.text)
    FDCAN2_IT1_IRQHandler                    0x08000383   Thumb Code     0  startup_stm32h750xx.o(.text)
    FDCAN_CAL_IRQHandler                     0x08000383   Thumb Code     0  startup_stm32h750xx.o(.text)
    FLASH_IRQHandler                         0x08000383   Thumb Code     0  startup_stm32h750xx.o(.text)
    FMC_IRQHandler                           0x08000383   Thumb Code     0  startup_stm32h750xx.o(.text)
    FPU_IRQHandler                           0x08000383   Thumb Code     0  startup_stm32h750xx.o(.text)
    HASH_RNG_IRQHandler                      0x08000383   Thumb Code     0  startup_stm32h750xx.o(.text)
    HRTIM1_FLT_IRQHandler                    0x08000383   Thumb Code     0  startup_stm32h750xx.o(.text)
    HRTIM1_Master_IRQHandler                 0x08000383   Thumb Code     0  startup_stm32h750xx.o(.text)
    HRTIM1_TIMA_IRQHandler                   0x08000383   Thumb Code     0  startup_stm32h750xx.o(.text)
    HRTIM1_TIMB_IRQHandler                   0x08000383   Thumb Code     0  startup_stm32h750xx.o(.text)
    HRTIM1_TIMC_IRQHandler                   0x08000383   Thumb Code     0  startup_stm32h750xx.o(.text)
    HRTIM1_TIMD_IRQHandler                   0x08000383   Thumb Code     0  startup_stm32h750xx.o(.text)
    HRTIM1_TIME_IRQHandler                   0x08000383   Thumb Code     0  startup_stm32h750xx.o(.text)
    HSEM1_IRQHandler                         0x08000383   Thumb Code     0  startup_stm32h750xx.o(.text)
    I2C1_ER_IRQHandler                       0x08000383   Thumb Code     0  startup_stm32h750xx.o(.text)
    I2C1_EV_IRQHandler                       0x08000383   Thumb Code     0  startup_stm32h750xx.o(.text)
    I2C2_ER_IRQHandler                       0x08000383   Thumb Code     0  startup_stm32h750xx.o(.text)
    I2C2_EV_IRQHandler                       0x08000383   Thumb Code     0  startup_stm32h750xx.o(.text)
    I2C3_ER_IRQHandler                       0x08000383   Thumb Code     0  startup_stm32h750xx.o(.text)
    I2C3_EV_IRQHandler                       0x08000383   Thumb Code     0  startup_stm32h750xx.o(.text)
    I2C4_ER_IRQHandler                       0x08000383   Thumb Code     0  startup_stm32h750xx.o(.text)
    I2C4_EV_IRQHandler                       0x08000383   Thumb Code     0  startup_stm32h750xx.o(.text)
    JPEG_IRQHandler                          0x08000383   Thumb Code     0  startup_stm32h750xx.o(.text)
    LPTIM1_IRQHandler                        0x08000383   Thumb Code     0  startup_stm32h750xx.o(.text)
    LPTIM2_IRQHandler                        0x08000383   Thumb Code     0  startup_stm32h750xx.o(.text)
    LPTIM3_IRQHandler                        0x08000383   Thumb Code     0  startup_stm32h750xx.o(.text)
    LPTIM4_IRQHandler                        0x08000383   Thumb Code     0  startup_stm32h750xx.o(.text)
    LPTIM5_IRQHandler                        0x08000383   Thumb Code     0  startup_stm32h750xx.o(.text)
    LPUART1_IRQHandler                       0x08000383   Thumb Code     0  startup_stm32h750xx.o(.text)
    LTDC_ER_IRQHandler                       0x08000383   Thumb Code     0  startup_stm32h750xx.o(.text)
    LTDC_IRQHandler                          0x08000383   Thumb Code     0  startup_stm32h750xx.o(.text)
    MDIOS_IRQHandler                         0x08000383   Thumb Code     0  startup_stm32h750xx.o(.text)
    MDIOS_WKUP_IRQHandler                    0x08000383   Thumb Code     0  startup_stm32h750xx.o(.text)
    MDMA_IRQHandler                          0x08000383   Thumb Code     0  startup_stm32h750xx.o(.text)
    OTG_FS_EP1_IN_IRQHandler                 0x08000383   Thumb Code     0  startup_stm32h750xx.o(.text)
    OTG_FS_EP1_OUT_IRQHandler                0x08000383   Thumb Code     0  startup_stm32h750xx.o(.text)
    OTG_FS_IRQHandler                        0x08000383   Thumb Code     0  startup_stm32h750xx.o(.text)
    OTG_FS_WKUP_IRQHandler                   0x08000383   Thumb Code     0  startup_stm32h750xx.o(.text)
    OTG_HS_EP1_IN_IRQHandler                 0x08000383   Thumb Code     0  startup_stm32h750xx.o(.text)
    OTG_HS_EP1_OUT_IRQHandler                0x08000383   Thumb Code     0  startup_stm32h750xx.o(.text)
    OTG_HS_IRQHandler                        0x08000383   Thumb Code     0  startup_stm32h750xx.o(.text)
    OTG_HS_WKUP_IRQHandler                   0x08000383   Thumb Code     0  startup_stm32h750xx.o(.text)
    PVD_AVD_IRQHandler                       0x08000383   Thumb Code     0  startup_stm32h750xx.o(.text)
    QUADSPI_IRQHandler                       0x08000383   Thumb Code     0  startup_stm32h750xx.o(.text)
    RCC_IRQHandler                           0x08000383   Thumb Code     0  startup_stm32h750xx.o(.text)
    RTC_Alarm_IRQHandler                     0x08000383   Thumb Code     0  startup_stm32h750xx.o(.text)
    RTC_WKUP_IRQHandler                      0x08000383   Thumb Code     0  startup_stm32h750xx.o(.text)
    SAI1_IRQHandler                          0x08000383   Thumb Code     0  startup_stm32h750xx.o(.text)
    SAI2_IRQHandler                          0x08000383   Thumb Code     0  startup_stm32h750xx.o(.text)
    SAI3_IRQHandler                          0x08000383   Thumb Code     0  startup_stm32h750xx.o(.text)
    SAI4_IRQHandler                          0x08000383   Thumb Code     0  startup_stm32h750xx.o(.text)
    SDMMC1_IRQHandler                        0x08000383   Thumb Code     0  startup_stm32h750xx.o(.text)
    SDMMC2_IRQHandler                        0x08000383   Thumb Code     0  startup_stm32h750xx.o(.text)
    SPDIF_RX_IRQHandler                      0x08000383   Thumb Code     0  startup_stm32h750xx.o(.text)
    SPI1_IRQHandler                          0x08000383   Thumb Code     0  startup_stm32h750xx.o(.text)
    SPI2_IRQHandler                          0x08000383   Thumb Code     0  startup_stm32h750xx.o(.text)
    SPI3_IRQHandler                          0x08000383   Thumb Code     0  startup_stm32h750xx.o(.text)
    SPI4_IRQHandler                          0x08000383   Thumb Code     0  startup_stm32h750xx.o(.text)
    SPI5_IRQHandler                          0x08000383   Thumb Code     0  startup_stm32h750xx.o(.text)
    SPI6_IRQHandler                          0x08000383   Thumb Code     0  startup_stm32h750xx.o(.text)
    SWPMI1_IRQHandler                        0x08000383   Thumb Code     0  startup_stm32h750xx.o(.text)
    TAMP_STAMP_IRQHandler                    0x08000383   Thumb Code     0  startup_stm32h750xx.o(.text)
    TIM15_IRQHandler                         0x08000383   Thumb Code     0  startup_stm32h750xx.o(.text)
    TIM16_IRQHandler                         0x08000383   Thumb Code     0  startup_stm32h750xx.o(.text)
    TIM17_IRQHandler                         0x08000383   Thumb Code     0  startup_stm32h750xx.o(.text)
    TIM1_BRK_IRQHandler                      0x08000383   Thumb Code     0  startup_stm32h750xx.o(.text)
    TIM1_CC_IRQHandler                       0x08000383   Thumb Code     0  startup_stm32h750xx.o(.text)
    TIM1_TRG_COM_IRQHandler                  0x08000383   Thumb Code     0  startup_stm32h750xx.o(.text)
    TIM1_UP_IRQHandler                       0x08000383   Thumb Code     0  startup_stm32h750xx.o(.text)
    TIM2_IRQHandler                          0x08000383   Thumb Code     0  startup_stm32h750xx.o(.text)
    TIM3_IRQHandler                          0x08000383   Thumb Code     0  startup_stm32h750xx.o(.text)
    TIM4_IRQHandler                          0x08000383   Thumb Code     0  startup_stm32h750xx.o(.text)
    TIM5_IRQHandler                          0x08000383   Thumb Code     0  startup_stm32h750xx.o(.text)
    TIM6_DAC_IRQHandler                      0x08000383   Thumb Code     0  startup_stm32h750xx.o(.text)
    TIM7_IRQHandler                          0x08000383   Thumb Code     0  startup_stm32h750xx.o(.text)
    TIM8_BRK_TIM12_IRQHandler                0x08000383   Thumb Code     0  startup_stm32h750xx.o(.text)
    TIM8_CC_IRQHandler                       0x08000383   Thumb Code     0  startup_stm32h750xx.o(.text)
    TIM8_TRG_COM_TIM14_IRQHandler            0x08000383   Thumb Code     0  startup_stm32h750xx.o(.text)
    TIM8_UP_TIM13_IRQHandler                 0x08000383   Thumb Code     0  startup_stm32h750xx.o(.text)
    UART4_IRQHandler                         0x08000383   Thumb Code     0  startup_stm32h750xx.o(.text)
    UART5_IRQHandler                         0x08000383   Thumb Code     0  startup_stm32h750xx.o(.text)
    UART7_IRQHandler                         0x08000383   Thumb Code     0  startup_stm32h750xx.o(.text)
    UART8_IRQHandler                         0x08000383   Thumb Code     0  startup_stm32h750xx.o(.text)
    USART1_IRQHandler                        0x08000383   Thumb Code     0  startup_stm32h750xx.o(.text)
    USART2_IRQHandler                        0x08000383   Thumb Code     0  startup_stm32h750xx.o(.text)
    USART3_IRQHandler                        0x08000383   Thumb Code     0  startup_stm32h750xx.o(.text)
    USART6_IRQHandler                        0x08000383   Thumb Code     0  startup_stm32h750xx.o(.text)
    WAKEUP_PIN_IRQHandler                    0x08000383   Thumb Code     0  startup_stm32h750xx.o(.text)
    WWDG_IRQHandler                          0x08000383   Thumb Code     0  startup_stm32h750xx.o(.text)
    __user_initial_stackheap                 0x08000385   Thumb Code     0  startup_stm32h750xx.o(.text)
    __aeabi_memclr4                          0x080003ad   Thumb Code     0  rt_memclr_w.o(.text)
    __aeabi_memclr8                          0x080003ad   Thumb Code     0  rt_memclr_w.o(.text)
    __rt_memclr_w                            0x080003ad   Thumb Code     0  rt_memclr_w.o(.text)
    _memset_w                                0x080003b1   Thumb Code    74  rt_memclr_w.o(.text)
    __use_two_region_memory                  0x080003fb   Thumb Code     2  heapauxi.o(.text)
    __rt_heap_escrow$2region                 0x080003fd   Thumb Code     2  heapauxi.o(.text)
    __rt_heap_expand$2region                 0x080003ff   Thumb Code     2  heapauxi.o(.text)
    __read_errno                             0x08000401   Thumb Code    10  _rserrno.o(.text)
    __set_errno                              0x0800040b   Thumb Code    12  _rserrno.o(.text)
    __aeabi_errno_addr                       0x08000419   Thumb Code     8  rt_errno_addr_intlibspace.o(.text)
    __errno$intlibspace                      0x08000419   Thumb Code     0  rt_errno_addr_intlibspace.o(.text)
    __rt_errno_addr$intlibspace              0x08000419   Thumb Code     0  rt_errno_addr_intlibspace.o(.text)
    __user_libspace                          0x08000421   Thumb Code     8  libspace.o(.text)
    __user_perproc_libspace                  0x08000421   Thumb Code     0  libspace.o(.text)
    __user_perthread_libspace                0x08000421   Thumb Code     0  libspace.o(.text)
    __user_setup_stackheap                   0x08000429   Thumb Code    74  sys_stackheap_outer.o(.text)
    exit                                     0x08000473   Thumb Code    18  exit.o(.text)
    _sys_exit                                0x08000485   Thumb Code     8  sys_exit.o(.text)
    __I$use$semihosting                      0x08000491   Thumb Code     0  use_no_semi.o(.text)
    __use_no_semihosting_swi                 0x08000491   Thumb Code     2  use_no_semi.o(.text)
    __semihosting_library_function           0x08000493   Thumb Code     0  indicate_semi.o(.text)
    BusFault_Handler                         0x08000499   Thumb Code     2  stm32h7xx_it.o(.text.BusFault_Handler)
    DebugMon_Handler                         0x080004a1   Thumb Code     2  stm32h7xx_it.o(.text.DebugMon_Handler)
    Error_Handler                            0x080004a9   Thumb Code    10  main.o(.text.Error_Handler)
    ExitRun0Mode                             0x080004b9   Thumb Code    44  system_stm32h7xx.o(.text.ExitRun0Mode)
    HAL_GPIO_Init                            0x080004e9   Thumb Code   422  stm32h7xx_hal_gpio.o(.text.HAL_GPIO_Init)
    HAL_GPIO_TogglePin                       0x08000691   Thumb Code    16  stm32h7xx_hal_gpio.o(.text.HAL_GPIO_TogglePin)
    HAL_GPIO_WritePin                        0x080006a1   Thumb Code    10  stm32h7xx_hal_gpio.o(.text.HAL_GPIO_WritePin)
    HAL_GetREVID                             0x080006b1   Thumb Code    14  stm32h7xx_hal.o(.text.HAL_GetREVID)
    HAL_GetTick                              0x080006c1   Thumb Code    12  stm32h7xx_hal.o(.text.HAL_GetTick)
    HAL_IncTick                              0x080006d1   Thumb Code    26  stm32h7xx_hal.o(.text.HAL_IncTick)
    HAL_Init                                 0x080006f1   Thumb Code   100  stm32h7xx_hal.o(.text.HAL_Init)
    HAL_InitTick                             0x08000759   Thumb Code    80  stm32h7xx_hal.o(.text.HAL_InitTick)
    HAL_MPU_ConfigRegion                     0x080007a9   Thumb Code    94  stm32h7xx_hal_cortex.o(.text.HAL_MPU_ConfigRegion)
    HAL_MPU_Disable                          0x08000809   Thumb Code    26  stm32h7xx_hal_cortex.o(.text.HAL_MPU_Disable)
    HAL_MPU_Enable                           0x08000829   Thumb Code    32  stm32h7xx_hal_cortex.o(.text.HAL_MPU_Enable)
    HAL_MspInit                              0x08000849   Thumb Code    32  stm32h7xx_hal_msp.o(.text.HAL_MspInit)
    HAL_NVIC_SetPriority                     0x08000869   Thumb Code    90  stm32h7xx_hal_cortex.o(.text.HAL_NVIC_SetPriority)
    HAL_NVIC_SetPriorityGrouping             0x080008c9   Thumb Code    32  stm32h7xx_hal_cortex.o(.text.HAL_NVIC_SetPriorityGrouping)
    HAL_PWREx_ConfigSupply                   0x080008e9   Thumb Code    76  stm32h7xx_hal_pwr_ex.o(.text.HAL_PWREx_ConfigSupply)
    HAL_RCC_ClockConfig                      0x08000939   Thumb Code   596  stm32h7xx_hal_rcc.o(.text.HAL_RCC_ClockConfig)
    HAL_RCC_GetSysClockFreq                  0x08000b91   Thumb Code   264  stm32h7xx_hal_rcc.o(.text.HAL_RCC_GetSysClockFreq)
    HAL_RCC_OscConfig                        0x08000cb1   Thumb Code  1388  stm32h7xx_hal_rcc.o(.text.HAL_RCC_OscConfig)
    HAL_SYSTICK_Config                       0x08001221   Thumb Code    46  stm32h7xx_hal_cortex.o(.text.HAL_SYSTICK_Config)
    HAL_TIMEx_MasterConfigSynchronization    0x08001251   Thumb Code   206  stm32h7xx_hal_tim_ex.o(.text.HAL_TIMEx_MasterConfigSynchronization)
    HAL_TIM_Base_Init                        0x08001321   Thumb Code    96  stm32h7xx_hal_tim.o(.text.HAL_TIM_Base_Init)
    HAL_TIM_Base_MspInit                     0x08001381   Thumb Code    42  tim.o(.text.HAL_TIM_Base_MspInit)
    HAL_TIM_ConfigClockSource                0x080013b1   Thumb Code   512  stm32h7xx_hal_tim.o(.text.HAL_TIM_ConfigClockSource)
    HAL_TIM_Encoder_Init                     0x080015b1   Thumb Code   184  stm32h7xx_hal_tim.o(.text.HAL_TIM_Encoder_Init)
    HAL_TIM_Encoder_MspInit                  0x08001669   Thumb Code   308  tim.o(.text.HAL_TIM_Encoder_MspInit)
    HAL_TIM_Encoder_Start                    0x080017a1   Thumb Code   188  stm32h7xx_hal_tim.o(.text.HAL_TIM_Encoder_Start)
    HAL_TIM_PWM_ConfigChannel                0x08001861   Thumb Code  1202  stm32h7xx_hal_tim.o(.text.HAL_TIM_PWM_ConfigChannel)
    HAL_TIM_PWM_Init                         0x08001d19   Thumb Code    96  stm32h7xx_hal_tim.o(.text.HAL_TIM_PWM_Init)
    HAL_TIM_PWM_MspInit                      0x08001d79   Thumb Code     2  stm32h7xx_hal_tim.o(.text.HAL_TIM_PWM_MspInit)
    HAL_TIM_PWM_Start                        0x08001d81   Thumb Code   352  stm32h7xx_hal_tim.o(.text.HAL_TIM_PWM_Start)
    HardFault_Handler                        0x08001ee1   Thumb Code     2  stm32h7xx_it.o(.text.HardFault_Handler)
    Kinematics_Forward                       0x08001ee9   Thumb Code   696  mecanum_kinematics.o(.text.Kinematics_Forward)
    Kinematics_Init                          0x080021b1   Thumb Code    44  mecanum_kinematics.o(.text.Kinematics_Init)
    Kinematics_Inverse                       0x080021e1   Thumb Code   180  mecanum_kinematics.o(.text.Kinematics_Inverse)
    MX_GPIO_Init                             0x080022a1   Thumb Code   290  gpio.o(.text.MX_GPIO_Init)
    MX_TIM2_Init                             0x080023c9   Thumb Code   376  tim.o(.text.MX_TIM2_Init)
    MX_TIM3_Init                             0x08002541   Thumb Code   104  tim.o(.text.MX_TIM3_Init)
    MX_TIM4_Init                             0x080025a9   Thumb Code   104  tim.o(.text.MX_TIM4_Init)
    MX_TIM5_Init                             0x08002611   Thumb Code   104  tim.o(.text.MX_TIM5_Init)
    MX_TIM8_Init                             0x08002679   Thumb Code   112  tim.o(.text.MX_TIM8_Init)
    MemManage_Handler                        0x080026e9   Thumb Code     2  stm32h7xx_it.o(.text.MemManage_Handler)
    Motor_A_SetSpeed                         0x080026f1   Thumb Code   100  mecanum_motor.o(.text.Motor_A_SetSpeed)
    Motor_B_SetSpeed                         0x08002759   Thumb Code   100  mecanum_motor.o(.text.Motor_B_SetSpeed)
    Motor_C_SetSpeed                         0x080027c1   Thumb Code   104  mecanum_motor.o(.text.Motor_C_SetSpeed)
    Motor_D_SetSpeed                         0x08002829   Thumb Code   104  mecanum_motor.o(.text.Motor_D_SetSpeed)
    Motor_Init                               0x08002891   Thumb Code   174  mecanum_motor.o(.text.Motor_Init)
    NMI_Handler                              0x08002941   Thumb Code     2  stm32h7xx_it.o(.text.NMI_Handler)
    PID_MotorA                               0x08002949   Thumb Code   132  mecanum_pid.o(.text.PID_MotorA)
    PID_MotorB                               0x080029d1   Thumb Code   132  mecanum_pid.o(.text.PID_MotorB)
    PID_MotorC                               0x08002a59   Thumb Code   132  mecanum_pid.o(.text.PID_MotorC)
    PID_MotorD                               0x08002ae1   Thumb Code   132  mecanum_pid.o(.text.PID_MotorD)
    PendSV_Handler                           0x08002b69   Thumb Code     2  stm32h7xx_it.o(.text.PendSV_Handler)
    SVC_Handler                              0x08002b71   Thumb Code     2  stm32h7xx_it.o(.text.SVC_Handler)
    SysTick_Handler                          0x08002b79   Thumb Code     4  stm32h7xx_it.o(.text.SysTick_Handler)
    SystemClock_Config                       0x08002b81   Thumb Code   224  main.o(.text.SystemClock_Config)
    SystemInit                               0x08002c61   Thumb Code   238  system_stm32h7xx.o(.text.SystemInit)
    TIM_Base_SetConfig                       0x08002d51   Thumb Code   334  stm32h7xx_hal_tim.o(.text.TIM_Base_SetConfig)
    UsageFault_Handler                       0x08002ea1   Thumb Code     2  stm32h7xx_it.o(.text.UsageFault_Handler)
    main                                     0x08002ea9   Thumb Code   558  main.o(.text.main)
    __ARM_fpclassify                         0x080030d7   Thumb Code    48  fpclassify.o(i.__ARM_fpclassify)
    __hardfp_cos                             0x08003109   Thumb Code   158  cos.o(i.__hardfp_cos)
    __hardfp_sin                             0x080031b9   Thumb Code   158  sin.o(i.__hardfp_sin)
    __ieee754_rem_pio2                       0x08003269   Thumb Code   646  rred.o(i.__ieee754_rem_pio2)
    __kernel_cos                             0x08003571   Thumb Code   182  cos_i.o(i.__kernel_cos)
    __kernel_poly                            0x08003635   Thumb Code   112  poly.o(i.__kernel_poly)
    __kernel_sin                             0x080036a9   Thumb Code   144  sin_i.o(i.__kernel_sin)
    __mathlib_dbl_invalid                    0x08003749   Thumb Code    10  dunder.o(i.__mathlib_dbl_invalid)
    __mathlib_dbl_underflow                  0x08003761   Thumb Code    10  dunder.o(i.__mathlib_dbl_underflow)
    fabs                                     0x08003779   Thumb Code    24  fabs.o(i.fabs)
    _fp_init                                 0x08003791   Thumb Code    26  fpinit.o(x$fpl$fpinit)
    __fplib_config_fpu_vfp                   0x080037a9   Thumb Code     0  fpinit.o(x$fpl$fpinit)
    __fplib_config_pureend_doubles           0x080037a9   Thumb Code     0  fpinit.o(x$fpl$fpinit)
    __I$use$fp                               0x080037aa   Number         0  usenofp.o(x$fpl$usenofp)
    D1CorePrescTable                         0x080038d8   Data          16  system_stm32h7xx.o(.rodata.D1CorePrescTable)
    Region$$Table$$Base                      0x080038e8   Number         0  anon$$obj.o(Region$$Table)
    Region$$Table$$Limit                     0x08003908   Number         0  anon$$obj.o(Region$$Table)
    uwTickFreq                               0x24000000   Data           1  stm32h7xx_hal.o(.data..L_MergedGlobals)
    uwTickPrio                               0x24000004   Data           4  stm32h7xx_hal.o(.data..L_MergedGlobals)
    SystemCoreClock                          0x24000008   Data           4  system_stm32h7xx.o(.data..L_MergedGlobals)
    SystemD2Clock                            0x2400000c   Data           4  system_stm32h7xx.o(.data..L_MergedGlobals)
    __libspace_start                         0x24000010   Data          96  libspace.o(.bss)
    __temporary_stack_top$libspace           0x24000070   Data           0  libspace.o(.bss)
    g_target_speed                           0x240000d0   Data           6  main.o(.bss..L_MergedGlobals)
    htim2                                    0x240000f4   Data          76  tim.o(.bss.htim2)
    htim3                                    0x24000140   Data          76  tim.o(.bss.htim3)
    htim4                                    0x2400018c   Data          76  tim.o(.bss.htim4)
    htim5                                    0x240001d8   Data          76  tim.o(.bss.htim5)
    htim8                                    0x24000224   Data          76  tim.o(.bss.htim8)
    uwTick                                   0x24000270   Data           4  stm32h7xx_hal.o(.bss.uwTick)



==============================================================================

Memory Map of the image

  Image Entry point : 0x08000299

  Load Region LR_IROM1 (Base: 0x08000000, Size: 0x00003918, Max: 0x00020000, ABSOLUTE)

    Execution Region ER_IROM1 (Exec base: 0x08000000, Load base: 0x08000000, Size: 0x00003908, Max: 0x00020000, ABSOLUTE)

    Exec Addr    Load Addr    Size         Type   Attr      Idx    E Section Name        Object

    0x08000000   0x08000000   0x00000298   Data   RO            3    RESET               startup_stm32h750xx.o
    0x08000298   0x08000298   0x00000008   Code   RO         1316  * !!!main             c_w.l(__main.o)
    0x080002a0   0x080002a0   0x0000005c   Code   RO         1536    !!!scatter          c_w.l(__scatter.o)
    0x080002fc   0x080002fc   0x0000001a   Code   RO         1540    !!handler_copy      c_w.l(__scatter_copy.o)
    0x08000316   0x08000316   0x00000002   PAD
    0x08000318   0x08000318   0x00000002   Code   RO         1537    !!handler_null      c_w.l(__scatter.o)
    0x0800031a   0x0800031a   0x00000002   PAD
    0x0800031c   0x0800031c   0x0000001c   Code   RO         1542    !!handler_zi        c_w.l(__scatter_zi.o)
    0x08000338   0x08000338   0x00000002   Code   RO         1401    .ARM.Collect$$libinit$$00000000  c_w.l(libinit.o)
    0x0800033a   0x0800033a   0x00000004   Code   RO         1404    .ARM.Collect$$libinit$$00000001  c_w.l(libinit2.o)
    0x0800033e   0x0800033e   0x00000000   Code   RO         1407    .ARM.Collect$$libinit$$00000004  c_w.l(libinit2.o)
    0x0800033e   0x0800033e   0x00000000   Code   RO         1409    .ARM.Collect$$libinit$$00000006  c_w.l(libinit2.o)
    0x0800033e   0x0800033e   0x00000000   Code   RO         1412    .ARM.Collect$$libinit$$0000000C  c_w.l(libinit2.o)
    0x0800033e   0x0800033e   0x00000000   Code   RO         1414    .ARM.Collect$$libinit$$0000000E  c_w.l(libinit2.o)
    0x0800033e   0x0800033e   0x00000000   Code   RO         1416    .ARM.Collect$$libinit$$00000010  c_w.l(libinit2.o)
    0x0800033e   0x0800033e   0x00000000   Code   RO         1419    .ARM.Collect$$libinit$$00000013  c_w.l(libinit2.o)
    0x0800033e   0x0800033e   0x00000000   Code   RO         1421    .ARM.Collect$$libinit$$00000015  c_w.l(libinit2.o)
    0x0800033e   0x0800033e   0x00000000   Code   RO         1423    .ARM.Collect$$libinit$$00000017  c_w.l(libinit2.o)
    0x0800033e   0x0800033e   0x00000000   Code   RO         1425    .ARM.Collect$$libinit$$00000019  c_w.l(libinit2.o)
    0x0800033e   0x0800033e   0x00000000   Code   RO         1427    .ARM.Collect$$libinit$$0000001B  c_w.l(libinit2.o)
    0x0800033e   0x0800033e   0x00000000   Code   RO         1429    .ARM.Collect$$libinit$$0000001D  c_w.l(libinit2.o)
    0x0800033e   0x0800033e   0x00000000   Code   RO         1431    .ARM.Collect$$libinit$$0000001F  c_w.l(libinit2.o)
    0x0800033e   0x0800033e   0x00000000   Code   RO         1433    .ARM.Collect$$libinit$$00000021  c_w.l(libinit2.o)
    0x0800033e   0x0800033e   0x00000000   Code   RO         1435    .ARM.Collect$$libinit$$00000023  c_w.l(libinit2.o)
    0x0800033e   0x0800033e   0x00000000   Code   RO         1437    .ARM.Collect$$libinit$$00000025  c_w.l(libinit2.o)
    0x0800033e   0x0800033e   0x00000000   Code   RO         1439    .ARM.Collect$$libinit$$00000027  c_w.l(libinit2.o)
    0x0800033e   0x0800033e   0x00000000   Code   RO         1443    .ARM.Collect$$libinit$$0000002E  c_w.l(libinit2.o)
    0x0800033e   0x0800033e   0x00000000   Code   RO         1445    .ARM.Collect$$libinit$$00000030  c_w.l(libinit2.o)
    0x0800033e   0x0800033e   0x00000000   Code   RO         1447    .ARM.Collect$$libinit$$00000032  c_w.l(libinit2.o)
    0x0800033e   0x0800033e   0x00000000   Code   RO         1449    .ARM.Collect$$libinit$$00000034  c_w.l(libinit2.o)
    0x0800033e   0x0800033e   0x00000002   Code   RO         1450    .ARM.Collect$$libinit$$00000035  c_w.l(libinit2.o)
    0x08000340   0x08000340   0x00000002   Code   RO         1472    .ARM.Collect$$libshutdown$$00000000  c_w.l(libshutdown.o)
    0x08000342   0x08000342   0x00000000   Code   RO         1487    .ARM.Collect$$libshutdown$$00000002  c_w.l(libshutdown2.o)
    0x08000342   0x08000342   0x00000000   Code   RO         1489    .ARM.Collect$$libshutdown$$00000004  c_w.l(libshutdown2.o)
    0x08000342   0x08000342   0x00000000   Code   RO         1492    .ARM.Collect$$libshutdown$$00000007  c_w.l(libshutdown2.o)
    0x08000342   0x08000342   0x00000000   Code   RO         1495    .ARM.Collect$$libshutdown$$0000000A  c_w.l(libshutdown2.o)
    0x08000342   0x08000342   0x00000000   Code   RO         1497    .ARM.Collect$$libshutdown$$0000000C  c_w.l(libshutdown2.o)
    0x08000342   0x08000342   0x00000000   Code   RO         1500    .ARM.Collect$$libshutdown$$0000000F  c_w.l(libshutdown2.o)
    0x08000342   0x08000342   0x00000002   Code   RO         1501    .ARM.Collect$$libshutdown$$00000010  c_w.l(libshutdown2.o)
    0x08000344   0x08000344   0x00000000   Code   RO         1330    .ARM.Collect$$rtentry$$00000000  c_w.l(__rtentry.o)
    0x08000344   0x08000344   0x00000000   Code   RO         1360    .ARM.Collect$$rtentry$$00000002  c_w.l(__rtentry2.o)
    0x08000344   0x08000344   0x00000006   Code   RO         1372    .ARM.Collect$$rtentry$$00000004  c_w.l(__rtentry4.o)
    0x0800034a   0x0800034a   0x00000000   Code   RO         1362    .ARM.Collect$$rtentry$$00000009  c_w.l(__rtentry2.o)
    0x0800034a   0x0800034a   0x00000004   Code   RO         1363    .ARM.Collect$$rtentry$$0000000A  c_w.l(__rtentry2.o)
    0x0800034e   0x0800034e   0x00000000   Code   RO         1365    .ARM.Collect$$rtentry$$0000000C  c_w.l(__rtentry2.o)
    0x0800034e   0x0800034e   0x00000008   Code   RO         1366    .ARM.Collect$$rtentry$$0000000D  c_w.l(__rtentry2.o)
    0x08000356   0x08000356   0x00000002   Code   RO         1402    .ARM.Collect$$rtexit$$00000000  c_w.l(rtexit.o)
    0x08000358   0x08000358   0x00000000   Code   RO         1452    .ARM.Collect$$rtexit$$00000002  c_w.l(rtexit2.o)
    0x08000358   0x08000358   0x00000004   Code   RO         1453    .ARM.Collect$$rtexit$$00000003  c_w.l(rtexit2.o)
    0x0800035c   0x0800035c   0x00000006   Code   RO         1454    .ARM.Collect$$rtexit$$00000004  c_w.l(rtexit2.o)
    0x08000362   0x08000362   0x00000002   PAD
    0x08000364   0x08000364   0x00000048   Code   RO            4    .text               startup_stm32h750xx.o
    0x080003ac   0x080003ac   0x0000004e   Code   RO         1312    .text               c_w.l(rt_memclr_w.o)
    0x080003fa   0x080003fa   0x00000006   Code   RO         1314    .text               c_w.l(heapauxi.o)
    0x08000400   0x08000400   0x00000016   Code   RO         1331    .text               c_w.l(_rserrno.o)
    0x08000416   0x08000416   0x00000002   PAD
    0x08000418   0x08000418   0x00000008   Code   RO         1377    .text               c_w.l(rt_errno_addr_intlibspace.o)
    0x08000420   0x08000420   0x00000008   Code   RO         1389    .text               c_w.l(libspace.o)
    0x08000428   0x08000428   0x0000004a   Code   RO         1392    .text               c_w.l(sys_stackheap_outer.o)
    0x08000472   0x08000472   0x00000012   Code   RO         1394    .text               c_w.l(exit.o)
    0x08000484   0x08000484   0x0000000c   Code   RO         1462    .text               c_w.l(sys_exit.o)
    0x08000490   0x08000490   0x00000002   Code   RO         1477    .text               c_w.l(use_no_semi.o)
    0x08000492   0x08000492   0x00000000   Code   RO         1479    .text               c_w.l(indicate_semi.o)
    0x08000492   0x08000492   0x00000006   PAD
    0x08000498   0x08000498   0x00000002   Code   RO          130    .text.BusFault_Handler  stm32h7xx_it.o
    0x0800049a   0x0800049a   0x00000006   PAD
    0x080004a0   0x080004a0   0x00000002   Code   RO          136    .text.DebugMon_Handler  stm32h7xx_it.o
    0x080004a2   0x080004a2   0x00000006   PAD
    0x080004a8   0x080004a8   0x0000000a   Code   RO           69    .text.Error_Handler  main.o
    0x080004b2   0x080004b2   0x00000006   PAD
    0x080004b8   0x080004b8   0x0000002c   Code   RO         1299    .text.ExitRun0Mode  system_stm32h7xx.o
    0x080004e4   0x080004e4   0x00000004   PAD
    0x080004e8   0x080004e8   0x000001a6   Code   RO          370    .text.HAL_GPIO_Init  stm32h7xx_hal_gpio.o
    0x0800068e   0x0800068e   0x00000002   PAD
    0x08000690   0x08000690   0x00000010   Code   RO          378    .text.HAL_GPIO_TogglePin  stm32h7xx_hal_gpio.o
    0x080006a0   0x080006a0   0x0000000a   Code   RO          376    .text.HAL_GPIO_WritePin  stm32h7xx_hal_gpio.o
    0x080006aa   0x080006aa   0x00000006   PAD
    0x080006b0   0x080006b0   0x0000000e   Code   RO          690    .text.HAL_GetREVID  stm32h7xx_hal.o
    0x080006be   0x080006be   0x00000002   PAD
    0x080006c0   0x080006c0   0x0000000c   Code   RO          674    .text.HAL_GetTick   stm32h7xx_hal.o
    0x080006cc   0x080006cc   0x00000004   PAD
    0x080006d0   0x080006d0   0x0000001a   Code   RO          672    .text.HAL_IncTick   stm32h7xx_hal.o
    0x080006ea   0x080006ea   0x00000006   PAD
    0x080006f0   0x080006f0   0x00000064   Code   RO          662    .text.HAL_Init      stm32h7xx_hal.o
    0x08000754   0x08000754   0x00000004   PAD
    0x08000758   0x08000758   0x00000050   Code   RO          664    .text.HAL_InitTick  stm32h7xx_hal.o
    0x080007a8   0x080007a8   0x0000005e   Code   RO          179    .text.HAL_MPU_ConfigRegion  stm32h7xx_hal_cortex.o
    0x08000806   0x08000806   0x00000002   PAD
    0x08000808   0x08000808   0x0000001a   Code   RO          171    .text.HAL_MPU_Disable  stm32h7xx_hal_cortex.o
    0x08000822   0x08000822   0x00000006   PAD
    0x08000828   0x08000828   0x00000020   Code   RO          173    .text.HAL_MPU_Enable  stm32h7xx_hal_cortex.o
    0x08000848   0x08000848   0x00000020   Code   RO          149    .text.HAL_MspInit   stm32h7xx_hal_msp.o
    0x08000868   0x08000868   0x0000005a   Code   RO          159    .text.HAL_NVIC_SetPriority  stm32h7xx_hal_cortex.o
    0x080008c2   0x080008c2   0x00000006   PAD
    0x080008c8   0x080008c8   0x00000020   Code   RO          157    .text.HAL_NVIC_SetPriorityGrouping  stm32h7xx_hal_cortex.o
    0x080008e8   0x080008e8   0x0000004c   Code   RO          574    .text.HAL_PWREx_ConfigSupply  stm32h7xx_hal_pwr_ex.o
    0x08000934   0x08000934   0x00000004   PAD
    0x08000938   0x08000938   0x00000254   Code   RO          213    .text.HAL_RCC_ClockConfig  stm32h7xx_hal_rcc.o
    0x08000b8c   0x08000b8c   0x00000004   PAD
    0x08000b90   0x08000b90   0x0000011c   Code   RO          215    .text.HAL_RCC_GetSysClockFreq  stm32h7xx_hal_rcc.o
    0x08000cac   0x08000cac   0x00000004   PAD
    0x08000cb0   0x08000cb0   0x0000056c   Code   RO          211    .text.HAL_RCC_OscConfig  stm32h7xx_hal_rcc.o
    0x0800121c   0x0800121c   0x00000004   PAD
    0x08001220   0x08001220   0x0000002e   Code   RO          169    .text.HAL_SYSTICK_Config  stm32h7xx_hal_cortex.o
    0x0800124e   0x0800124e   0x00000002   PAD
    0x08001250   0x08001250   0x000000ce   Code   RO         1263    .text.HAL_TIMEx_MasterConfigSynchronization  stm32h7xx_hal_tim_ex.o
    0x0800131e   0x0800131e   0x00000002   PAD
    0x08001320   0x08001320   0x00000060   Code   RO          968    .text.HAL_TIM_Base_Init  stm32h7xx_hal_tim.o
    0x08001380   0x08001380   0x0000002a   Code   RO          103    .text.HAL_TIM_Base_MspInit  tim.o
    0x080013aa   0x080013aa   0x00000006   PAD
    0x080013b0   0x080013b0   0x00000200   Code   RO         1148    .text.HAL_TIM_ConfigClockSource  stm32h7xx_hal_tim.o
    0x080015b0   0x080015b0   0x000000b8   Code   RO         1082    .text.HAL_TIM_Encoder_Init  stm32h7xx_hal_tim.o
    0x08001668   0x08001668   0x00000134   Code   RO          105    .text.HAL_TIM_Encoder_MspInit  tim.o
    0x0800179c   0x0800179c   0x00000004   PAD
    0x080017a0   0x080017a0   0x000000bc   Code   RO         1090    .text.HAL_TIM_Encoder_Start  stm32h7xx_hal_tim.o
    0x0800185c   0x0800185c   0x00000004   PAD
    0x08001860   0x08001860   0x000004b2   Code   RO         1122    .text.HAL_TIM_PWM_ConfigChannel  stm32h7xx_hal_tim.o
    0x08001d12   0x08001d12   0x00000006   PAD
    0x08001d18   0x08001d18   0x00000060   Code   RO         1022    .text.HAL_TIM_PWM_Init  stm32h7xx_hal_tim.o
    0x08001d78   0x08001d78   0x00000002   Code   RO         1024    .text.HAL_TIM_PWM_MspInit  stm32h7xx_hal_tim.o
    0x08001d7a   0x08001d7a   0x00000006   PAD
    0x08001d80   0x08001d80   0x00000160   Code   RO         1030    .text.HAL_TIM_PWM_Start  stm32h7xx_hal_tim.o
    0x08001ee0   0x08001ee0   0x00000002   Code   RO          126    .text.HardFault_Handler  stm32h7xx_it.o
    0x08001ee2   0x08001ee2   0x00000006   PAD
    0x08001ee8   0x08001ee8   0x000002c8   Code   RO           15    .text.Kinematics_Forward  mecanum_kinematics.o
    0x080021b0   0x080021b0   0x0000002c   Code   RO           11    .text.Kinematics_Init  mecanum_kinematics.o
    0x080021dc   0x080021dc   0x00000004   PAD
    0x080021e0   0x080021e0   0x000000bc   Code   RO           13    .text.Kinematics_Inverse  mecanum_kinematics.o
    0x0800229c   0x0800229c   0x00000004   PAD
    0x080022a0   0x080022a0   0x00000122   Code   RO           81    .text.MX_GPIO_Init  gpio.o
    0x080023c2   0x080023c2   0x00000006   PAD
    0x080023c8   0x080023c8   0x00000178   Code   RO           91    .text.MX_TIM2_Init  tim.o
    0x08002540   0x08002540   0x00000068   Code   RO           95    .text.MX_TIM3_Init  tim.o
    0x080025a8   0x080025a8   0x00000068   Code   RO           97    .text.MX_TIM4_Init  tim.o
    0x08002610   0x08002610   0x00000068   Code   RO           99    .text.MX_TIM5_Init  tim.o
    0x08002678   0x08002678   0x00000070   Code   RO          101    .text.MX_TIM8_Init  tim.o
    0x080026e8   0x080026e8   0x00000002   Code   RO          128    .text.MemManage_Handler  stm32h7xx_it.o
    0x080026ea   0x080026ea   0x00000006   PAD
    0x080026f0   0x080026f0   0x00000064   Code   RO           30    .text.Motor_A_SetSpeed  mecanum_motor.o
    0x08002754   0x08002754   0x00000004   PAD
    0x08002758   0x08002758   0x00000064   Code   RO           32    .text.Motor_B_SetSpeed  mecanum_motor.o
    0x080027bc   0x080027bc   0x00000004   PAD
    0x080027c0   0x080027c0   0x00000068   Code   RO           34    .text.Motor_C_SetSpeed  mecanum_motor.o
    0x08002828   0x08002828   0x00000068   Code   RO           36    .text.Motor_D_SetSpeed  mecanum_motor.o
    0x08002890   0x08002890   0x000000ae   Code   RO           26    .text.Motor_Init    mecanum_motor.o
    0x0800293e   0x0800293e   0x00000002   PAD
    0x08002940   0x08002940   0x00000002   Code   RO          124    .text.NMI_Handler   stm32h7xx_it.o
    0x08002942   0x08002942   0x00000006   PAD
    0x08002948   0x08002948   0x00000088   Code   RO           46    .text.PID_MotorA    mecanum_pid.o
    0x080029d0   0x080029d0   0x00000088   Code   RO           48    .text.PID_MotorB    mecanum_pid.o
    0x08002a58   0x08002a58   0x00000088   Code   RO           50    .text.PID_MotorC    mecanum_pid.o
    0x08002ae0   0x08002ae0   0x00000088   Code   RO           52    .text.PID_MotorD    mecanum_pid.o
    0x08002b68   0x08002b68   0x00000002   Code   RO          138    .text.PendSV_Handler  stm32h7xx_it.o
    0x08002b6a   0x08002b6a   0x00000006   PAD
    0x08002b70   0x08002b70   0x00000002   Code   RO          134    .text.SVC_Handler   stm32h7xx_it.o
    0x08002b72   0x08002b72   0x00000006   PAD
    0x08002b78   0x08002b78   0x00000004   Code   RO          140    .text.SysTick_Handler  stm32h7xx_it.o
    0x08002b7c   0x08002b7c   0x00000004   PAD
    0x08002b80   0x08002b80   0x000000e0   Code   RO           67    .text.SystemClock_Config  main.o
    0x08002c60   0x08002c60   0x000000ee   Code   RO         1295    .text.SystemInit    system_stm32h7xx.o
    0x08002d4e   0x08002d4e   0x00000002   PAD
    0x08002d50   0x08002d50   0x0000014e   Code   RO          972    .text.TIM_Base_SetConfig  stm32h7xx_hal_tim.o
    0x08002e9e   0x08002e9e   0x00000002   PAD
    0x08002ea0   0x08002ea0   0x00000002   Code   RO          132    .text.UsageFault_Handler  stm32h7xx_it.o
    0x08002ea2   0x08002ea2   0x00000006   PAD
    0x08002ea8   0x08002ea8   0x0000022e   Code   RO           65    .text.main          main.o
    0x080030d6   0x080030d6   0x00000030   Code   RO         1385    i.__ARM_fpclassify  m_wv.l(fpclassify.o)
    0x08003106   0x08003106   0x00000002   PAD
    0x08003108   0x08003108   0x000000b0   Code   RO         1318    i.__hardfp_cos      m_wv.l(cos.o)
    0x080031b8   0x080031b8   0x000000b0   Code   RO         1324    i.__hardfp_sin      m_wv.l(sin.o)
    0x08003268   0x08003268   0x00000308   Code   RO         1351    i.__ieee754_rem_pio2  m_wv.l(rred.o)
    0x08003570   0x08003570   0x000000c4   Code   RO         1334    i.__kernel_cos      m_wv.l(cos_i.o)
    0x08003634   0x08003634   0x00000070   Code   RO         1387    i.__kernel_poly     m_wv.l(poly.o)
    0x080036a4   0x080036a4   0x00000004   PAD
    0x080036a8   0x080036a8   0x000000a0   Code   RO         1356    i.__kernel_sin      m_wv.l(sin_i.o)
    0x08003748   0x08003748   0x00000018   Code   RO         1340    i.__mathlib_dbl_invalid  m_wv.l(dunder.o)
    0x08003760   0x08003760   0x00000018   Code   RO         1343    i.__mathlib_dbl_underflow  m_wv.l(dunder.o)
    0x08003778   0x08003778   0x00000018   Code   RO         1381    i.fabs              m_wv.l(fabs.o)
    0x08003790   0x08003790   0x0000001a   Code   RO         1460    x$fpl$fpinit        fz_wv.l(fpinit.o)
    0x080037aa   0x080037aa   0x00000000   Code   RO         1333    x$fpl$usenofp       fz_wv.l(usenofp.o)
    0x080037aa   0x080037aa   0x00000006   PAD
    0x080037b0   0x080037b0   0x00000030   Data   RO         1335    .constdata          m_wv.l(cos_i.o)
    0x080037e0   0x080037e0   0x000000cc   Data   RO         1353    .constdata          m_wv.l(rred.o)
    0x080038ac   0x080038ac   0x00000004   PAD
    0x080038b0   0x080038b0   0x00000028   Data   RO         1357    .constdata          m_wv.l(sin_i.o)
    0x080038d8   0x080038d8   0x00000010   Data   RO         1301    .rodata.D1CorePrescTable  system_stm32h7xx.o
    0x080038e8   0x080038e8   0x00000020   Data   RO         1535    Region$$Table       anon$$obj.o


    Execution Region RW_IRAM1 (Exec base: 0x20000000, Load base: 0x08003908, Size: 0x00000000, Max: 0x00020000, ABSOLUTE)

    **** No section assigned to this execution region ****


    Execution Region RW_IRAM2 (Exec base: 0x24000000, Load base: 0x08003908, Size: 0x00000878, Max: 0x00080000, ABSOLUTE)

    Exec Addr    Load Addr    Size         Type   Attr      Idx    E Section Name        Object

    0x24000000   0x08003908   0x00000008   Data   RW          759    .data..L_MergedGlobals  stm32h7xx_hal.o
    0x24000008   0x08003910   0x00000008   Data   RW         1302    .data..L_MergedGlobals  system_stm32h7xx.o
    0x24000010        -       0x00000060   Zero   RW         1390    .bss                c_w.l(libspace.o)
    0x24000070        -       0x00000028   Zero   RW           17    .bss..L_MergedGlobals  mecanum_kinematics.o
    0x24000098        -       0x00000030   Zero   RW           56    .bss..L_MergedGlobals  mecanum_pid.o
    0x240000c8        -       0x0000002a   Zero   RW           72    .bss..L_MergedGlobals  main.o
    0x240000f2   0x08003918   0x00000002   PAD
    0x240000f4        -       0x0000004c   Zero   RW          111    .bss.htim2          tim.o
    0x24000140        -       0x0000004c   Zero   RW          112    .bss.htim3          tim.o
    0x2400018c        -       0x0000004c   Zero   RW          113    .bss.htim4          tim.o
    0x240001d8        -       0x0000004c   Zero   RW          114    .bss.htim5          tim.o
    0x24000224        -       0x0000004c   Zero   RW          115    .bss.htim8          tim.o
    0x24000270        -       0x00000004   Zero   RW          758    .bss.uwTick         stm32h7xx_hal.o
    0x24000274   0x08003918   0x00000004   PAD
    0x24000278        -       0x00000200   Zero   RW            2    HEAP                startup_stm32h750xx.o
    0x24000478        -       0x00000400   Zero   RW            1    STACK               startup_stm32h750xx.o


==============================================================================

Image component sizes


      Code (inc. data)   RO Data    RW Data    ZI Data      Debug   Object Name

       290          0          0          0          0       3083   gpio.o
       792          0          0          0         42       6754   main.o
       944         24          0          0         40       3611   mecanum_kinematics.o
       582          0          0          0          0       7191   mecanum_motor.o
       544         16          0          0         48       2912   mecanum_pid.o
        72         30        664          0       1536        840   startup_stm32h750xx.o
       232          0          0          8          4      15095   stm32h7xx_hal.o
       320          0          0          0          0      12511   stm32h7xx_hal_cortex.o
       448          0          0          0          0       7004   stm32h7xx_hal_gpio.o
        32          0          0          0          0       2217   stm32h7xx_hal_msp.o
        76          0          0          0          0      10796   stm32h7xx_hal_pwr_ex.o
      2268         24          0          0          0      12028   stm32h7xx_hal_rcc.o
      2966         20          0          0          0      67195   stm32h7xx_hal_tim.o
       206          0          0          0          0      26001   stm32h7xx_hal_tim_ex.o
        20          0          0          0          0       1147   stm32h7xx_it.o
       282          0         16          8          0       6229   system_stm32h7xx.o
      1150          0          0          0        380      11662   tim.o

    ----------------------------------------------------------------------
     11398        122        712         16       2056     196276   Object Totals
         0          0         32          0          0          0   (incl. Generated)
       174          8          0          0          6          0   (incl. Padding)

    ----------------------------------------------------------------------

      Code (inc. data)   RO Data    RW Data    ZI Data      Debug   Library Member Name

         8          0          0          0          0         68   __main.o
         0          0          0          0          0          0   __rtentry.o
        12          0          0          0          0          0   __rtentry2.o
         6          0          0          0          0          0   __rtentry4.o
        94          8          0          0          0          0   __scatter.o
        26          0          0          0          0          0   __scatter_copy.o
        28          0          0          0          0          0   __scatter_zi.o
        22          0          0          0          0        100   _rserrno.o
        18          0          0          0          0         80   exit.o
         6          0          0          0          0        152   heapauxi.o
         0          0          0          0          0          0   indicate_semi.o
         2          0          0          0          0          0   libinit.o
         6          0          0          0          0          0   libinit2.o
         2          0          0          0          0          0   libshutdown.o
         2          0          0          0          0          0   libshutdown2.o
         8          4          0          0         96         68   libspace.o
         8          4          0          0          0         68   rt_errno_addr_intlibspace.o
        78          0          0          0          0         80   rt_memclr_w.o
         2          0          0          0          0          0   rtexit.o
        10          0          0          0          0          0   rtexit2.o
        12          4          0          0          0         68   sys_exit.o
        74          0          0          0          0         80   sys_stackheap_outer.o
         2          0          0          0          0         68   use_no_semi.o
        26          0          0          0          0        116   fpinit.o
         0          0          0          0          0          0   usenofp.o
       176         18          0          0          0        156   cos.o
       196         14         48          0          0        176   cos_i.o
        48         28          0          0          0        232   dunder.o
        24          0          0          0          0        124   fabs.o
        48          0          0          0          0        124   fpclassify.o
       112          0          0          0          0        116   poly.o
       776        130        204          0          0        172   rred.o
       176         18          0          0          0        160   sin.o
       160         16         40          0          0        196   sin_i.o

    ----------------------------------------------------------------------
      2194        244        296          0         96       2404   Library Totals
        26          0          4          0          0          0   (incl. Padding)

    ----------------------------------------------------------------------

      Code (inc. data)   RO Data    RW Data    ZI Data      Debug   Library Name

       426         20          0          0         96        832   c_w.l
        26          0          0          0          0        116   fz_wv.l
      1716        224        292          0          0       1456   m_wv.l

    ----------------------------------------------------------------------
      2194        244        296          0         96       2404   Library Totals

    ----------------------------------------------------------------------

==============================================================================


      Code (inc. data)   RO Data    RW Data    ZI Data      Debug   

     13592        366       1008         16       2152     197236   Grand Totals
     13592        366       1008         16       2152     197236   ELF Image Totals
     13592        366       1008         16          0          0   ROM Totals

==============================================================================

    Total RO  Size (Code + RO Data)                14600 (  14.26kB)
    Total RW  Size (RW Data + ZI Data)              2168 (   2.12kB)
    Total ROM Size (Code + RO Data + RW Data)      14616 (  14.27kB)

==============================================================================

